Microcode patches in container:
  CPUID=0x01230456: Patch=0xfacefeed Length=64 bytes Start=52 bytes Date=2002-07-19 Equiv_id=0xdead
