Microcode patches in container:
Microcode patches in container+0x2c:
  CPUID=0x00001632: Patch=0xface1e55 Length=64 bytes
