Microcode patches in container:
Microcode patches in container+0x2c:
  Family=???? Model=???? Stepping=????: Patch=0xbadc0ded Length=64 bytes
