Microcode patches in container:
Microcode patches in container+0x2c:
  Family=0xf8 Model=0xde Stepping=0x0f: Patch=0xface1e55 Length=64 bytes Start=96 bytes Date=1970-01-01 Equiv_id=0xcafe
