Microcode patches in container:
 [equiv entry@0x0000000c: cpuid 0xbadc0ded, equiv id 0xcafe, errata mask 0x00000000, errata compare 0x00000000, res 0x0000]
 [equiv entry@0x0000001c: cpuid 0x00000000, equiv id 0x0000, errata mask 0x00000000, errata compare 0x00000000, res 0x0000]
Microcode patches in container+0x2c:
 [equiv entry@0x00000038: cpuid 0xdeadbeef, equiv id 0xcafe, errata mask 0x00000000, errata compare 0x00000000, res 0x0000]
 [equiv entry@0x00000048: cpuid 0x00000000, equiv id 0x0000, errata mask 0x00000000, errata compare 0x00000000, res 0x0000]
  Family=0xf8 Model=0xde Stepping=0x0f: Patch=0xface1e55 Length=64 bytes Start=96 bytes Date=1970-01-01 Equiv_id=0xcafe
   [data_code=0x01011970, mc_patch_data_id=0x0000, mc_patch_data_len=0x00, init_flag=0x00, mc_patch_data_checksum=0x00000000]
   [nb_dev_id=0x00000000, sb_dev_id=0x00000000, nb_rev_id=0x00, sb_rev_id=0x00, bios_api_rev=0x00, reserved=[0x00, 0x00, 0x00]]
   [match_reg=[0x00000000, 0x00000000, 0x00000000, 0x00000000, 0x00000000, 0x00000000, 0x00000000, 0x00000000]]
