Microcode patches in container:
 [equiv entry@0x0000000c: cpuid 0x01470fad, equiv id 0x1234, errata mask 0x00000000, errata compare 0x00000000, res 0x0000]
 [equiv entry@0x0000001c: cpuid 0x01350f79, equiv id 0x1357, errata mask 0x00000000, errata compare 0x00000000, res 0x0000]
 [equiv entry@0x0000002c: cpuid 0x01230f45, equiv id 0x1234, errata mask 0xfedcba98, errata compare 0x12345678, res 0xbead]
 [equiv entry@0x0000003c: cpuid 0x0abc0fde, equiv id 0x1357, errata mask 0x00000000, errata compare 0x00000000, res 0x0000]
 [equiv entry@0x0000004c: cpuid 0x00000000, equiv id 0x0000, errata mask 0x00000000, errata compare 0x00000000, res 0x0000]
  Family=0x22 Model=0x57 Stepping=0x09: Patch=0x135079bd Length=68 bytes Start=100 bytes Date=2003-01-02 Equiv_id=0x1357
  Family=0xba Model=0xcd Stepping=0x0e: Patch=0x135079bd Length=68 bytes Start=100 bytes Date=2003-01-02 Equiv_id=0x1357
   [data_code=0x01022003, mc_patch_data_id=0x0000, mc_patch_data_len=0x00, init_flag=0x00, mc_patch_data_checksum=0x00000000]
   [nb_dev_id=0x00000000, sb_dev_id=0x00000000, nb_rev_id=0x00, sb_rev_id=0x00, bios_api_rev=0x00, reserved=[0x00, 0x00, 0x00]]
   [match_reg=[0x00000000, 0x00000000, 0x00000000, 0x00000000, 0x00000000, 0x00000000, 0x00000000, 0x00000000]]
    Patch extracted to out/mc_patch_0135079bd.bin
  Family=0x23 Model=0x7a Stepping=0x0d: Patch=0x12304567 Length=64 bytes Start=176 bytes Date=2084-20-04 Equiv_id=0x1234
  Family=0x21 Model=0x34 Stepping=0x05: Patch=0x12304567 Length=64 bytes Start=176 bytes Date=2084-20-04 Equiv_id=0x1234
   [data_code=0x20042084, mc_patch_data_id=0xabcd, mc_patch_data_len=0x42, init_flag=0x23, mc_patch_data_checksum=0x005a5a5a]
   [nb_dev_id=0xdead1022, sb_dev_id=0xbeef1022, nb_rev_id=0x23, sb_rev_id=0x57, bios_api_rev=0xae, reserved=[0xaa, 0xbb, 0xcc]]
   [match_reg=[0x12b9b0a1, 0x25736142, 0x382d11e3, 0x4ae6c284, 0x5da07325, 0x705a23c6, 0x8313d467, 0x95cd8508]]
    Patch extracted to out/mc_patch_012304567.bin
