Microcode patches in container:
  Family=0x21 Model=0x34 Stepping=0x05: Patch=0x12304567 Length=64 bytes
    Patch extracted to out/mc_equivid_0x1234_patch_0x12304567.bin
