Microcode patches in container:
  Family=0x22 Model=0x57 Stepping=0x09: Patch=0x135079bd Length=68 bytes Start=100 bytes Date=2003-01-02 Equiv_id=0x1357
  Family=0xba Model=0xcd Stepping=0x0e: Patch=0x135079bd Length=68 bytes Start=100 bytes Date=2003-01-02 Equiv_id=0x1357
    Patch extracted to out/mc_patch_0135079bd.bin
  Family=0x23 Model=0x7a Stepping=0x0d: Patch=0x12304567 Length=64 bytes Start=176 bytes Date=2084-20-04 Equiv_id=0x1234
  Family=0x21 Model=0x34 Stepping=0x05: Patch=0x12304567 Length=64 bytes Start=176 bytes Date=2084-20-04 Equiv_id=0x1234
    Patch extracted to out/mc_patch_012304567.bin
