Microcode patches in container_cache/microcode_amd_20110111.bin:
  Family=0x10 Model=0x02 Stepping=0x03: Patch=0x01000083 Length=960 bytes
  Family=0x10 Model=0x02 Stepping=0x02: Patch=0x01000083 Length=960 bytes
  Family=0x10 Model=0x02 Stepping=0x0a: Patch=0x01000084 Length=960 bytes
  Family=0x14 Model=0x01 Stepping=0x00: Patch=0x05000028 Length=1824 bytes
