Microcode patches in container_cache/microcode_amd_all_families.bin:
  Family=0x10 Model=0x02 Stepping=0x03: Patch=0x01000083 Length=960 bytes Start=308 bytes Date=2008-04-30 Equiv_id=0x1022
  Family=0x10 Model=0x02 Stepping=0x02: Patch=0x01000083 Length=960 bytes Start=308 bytes Date=2008-04-30 Equiv_id=0x1022
  Family=0x10 Model=0x02 Stepping=0x0a: Patch=0x01000084 Length=960 bytes Start=1276 bytes Date=2008-05-01 Equiv_id=0x1020
  Family=0x10 Model=0x06 Stepping=0x02: Patch=0x010000c7 Length=960 bytes Start=2244 bytes Date=2010-03-11 Equiv_id=0x1062
  Family=0x10 Model=0x04 Stepping=0x03: Patch=0x010000c8 Length=960 bytes Start=3212 bytes Date=2010-03-11 Equiv_id=0x1043
  Family=0x10 Model=0x06 Stepping=0x03: Patch=0x010000c8 Length=960 bytes Start=3212 bytes Date=2010-03-11 Equiv_id=0x1043
  Family=0x10 Model=0x05 Stepping=0x03: Patch=0x010000c8 Length=960 bytes Start=3212 bytes Date=2010-03-11 Equiv_id=0x1043
  Family=0x10 Model=0x08 Stepping=0x01: Patch=0x010000d9 Length=960 bytes Start=4180 bytes Date=2011-10-12 Equiv_id=0x1081
  Family=0x10 Model=0x09 Stepping=0x01: Patch=0x010000d9 Length=960 bytes Start=4180 bytes Date=2011-10-12 Equiv_id=0x1081
  Family=0x10 Model=0x08 Stepping=0x00: Patch=0x010000da Length=960 bytes Start=5148 bytes Date=2011-10-24 Equiv_id=0x1080
  Family=0x10 Model=0x04 Stepping=0x02: Patch=0x010000db Length=960 bytes Start=6116 bytes Date=2011-10-24 Equiv_id=0x1041
  Family=0x10 Model=0x05 Stepping=0x02: Patch=0x010000db Length=960 bytes Start=6116 bytes Date=2011-10-24 Equiv_id=0x1041
  Family=0x10 Model=0x0a Stepping=0x00: Patch=0x010000dc Length=960 bytes Start=7084 bytes Date=2011-10-24 Equiv_id=0x10a0
  Family=0x11 Model=0x03 Stepping=0x01: Patch=0x02000032 Length=512 bytes Start=8052 bytes Date=2008-03-06 Equiv_id=0x2031
  Family=0x12 Model=0x01 Stepping=0x00: Patch=0x03000027 Length=960 bytes Start=8572 bytes Date=2011-13-09 Equiv_id=0x3010
  Family=0x14 Model=0x01 Stepping=0x00: Patch=0x05000029 Length=1568 bytes Start=9540 bytes Date=2013-01-21 Equiv_id=0x5010
  Family=0x14 Model=0x02 Stepping=0x00: Patch=0x05000119 Length=1568 bytes Start=11116 bytes Date=2013-01-18 Equiv_id=0x5020
Microcode patches in container_cache/microcode_amd_all_families.bin+0x318c:
  Family=0x15 Model=0x01 Stepping=0x02: Patch=0x0600063e Length=2592 bytes Start=12768 bytes Date=2018-02-07 Equiv_id=0x6012
  Family=0x15 Model=0x02 Stepping=0x00: Patch=0x06000852 Length=2592 bytes Start=15368 bytes Date=2018-02-06 Equiv_id=0x6020
  Family=0x15 Model=0x10 Stepping=0x01: Patch=0x06001119 Length=2592 bytes Start=17968 bytes Date=2012-07-13 Equiv_id=0x6101
Microcode patches in container_cache/microcode_amd_all_families.bin+0x5050:
  Family=0x16 Model=0x00 Stepping=0x01: Patch=0x0700010f Length=3458 bytes Start=20612 bytes Date=2014-02-19 Equiv_id=0x7001
Microcode patches in container_cache/microcode_amd_all_families.bin+0x5e06:
  Family=0x17 Model=0x71 Stepping=0x00: Patch=0x08701034 Length=3200 bytes Start=24218 bytes Date=2024-02-23 Equiv_id=0x8710
  Family=0x17 Model=0x01 Stepping=0x02: Patch=0x0800126f Length=3200 bytes Start=27426 bytes Date=2023-12-19 Equiv_id=0x8012
  Family=0x17 Model=0x31 Stepping=0x00: Patch=0x0830107c Length=3200 bytes Start=30634 bytes Date=2023-12-18 Equiv_id=0x8310
  Family=0x17 Model=0x60 Stepping=0x01: Patch=0x0860010d Length=3200 bytes Start=33842 bytes Date=2024-02-23 Equiv_id=0x8601
  Family=0x17 Model=0x08 Stepping=0x02: Patch=0x0800820d Length=3200 bytes Start=37050 bytes Date=2019-04-16 Equiv_id=0x8082
  Family=0x17 Model=0xa0 Stepping=0x00: Patch=0x08a0000a Length=3200 bytes Start=40258 bytes Date=2024-03-04 Equiv_id=0x8a00
  Family=0x17 Model=0x68 Stepping=0x01: Patch=0x08608108 Length=3200 bytes Start=43466 bytes Date=2024-02-23 Equiv_id=0x8681
Microcode patches in container_cache/microcode_amd_all_families.bin+0xb64a:
  Family=0x19 Model=0x01 Stepping=0x00: Patch=0x0a00107a Length=5568 bytes Start=46990 bytes Date=2024-02-26 Equiv_id=0xa010
  Family=0x19 Model=0x7c Stepping=0x00: Patch=0x0a70c005 Length=5568 bytes Start=52566 bytes Date=2024-02-28 Equiv_id=0xa7c0
  Family=0x19 Model=0x75 Stepping=0x02: Patch=0x0a705206 Length=5568 bytes Start=58142 bytes Date=2024-02-28 Equiv_id=0xa752
  Family=0x19 Model=0x08 Stepping=0x02: Patch=0x0a00820c Length=5568 bytes Start=63718 bytes Date=2024-02-29 Equiv_id=0xa082
  Family=0x19 Model=0x11 Stepping=0x02: Patch=0x0a101248 Length=5568 bytes Start=69294 bytes Date=2024-02-26 Equiv_id=0xa112
  Family=0x19 Model=0xa0 Stepping=0x02: Patch=0x0aa00215 Length=5568 bytes Start=74870 bytes Date=2024-02-28 Equiv_id=0xaa02
  Family=0x19 Model=0x44 Stepping=0x01: Patch=0x0a404107 Length=5568 bytes Start=80446 bytes Date=2024-02-29 Equiv_id=0xa441
  Family=0x19 Model=0x78 Stepping=0x00: Patch=0x0a708007 Length=5568 bytes Start=86022 bytes Date=2024-02-28 Equiv_id=0xa780
  Family=0x19 Model=0x21 Stepping=0x00: Patch=0x0a20102d Length=5568 bytes Start=91598 bytes Date=2024-08-27 Equiv_id=0xa210
  Family=0x19 Model=0x74 Stepping=0x01: Patch=0x0a704107 Length=5568 bytes Start=97174 bytes Date=2024-02-28 Equiv_id=0xa741
  Family=0x19 Model=0x01 Stepping=0x02: Patch=0x0a001238 Length=5568 bytes Start=102750 bytes Date=2024-02-26 Equiv_id=0xa012
  Family=0x19 Model=0x11 Stepping=0x01: Patch=0x0a101148 Length=5568 bytes Start=108326 bytes Date=2024-02-23 Equiv_id=0xa111
  Family=0x19 Model=0x61 Stepping=0x02: Patch=0x0a601209 Length=5568 bytes Start=113902 bytes Date=2024-02-27 Equiv_id=0xa612
  Family=0x19 Model=0x01 Stepping=0x01: Patch=0x0a0011d5 Length=5568 bytes Start=119478 bytes Date=2024-02-23 Equiv_id=0xa011
  Family=0x19 Model=0xa0 Stepping=0x01: Patch=0x0aa00116 Length=5568 bytes Start=125054 bytes Date=2023-06-19 Equiv_id=0xaa01
  Family=0x19 Model=0x18 Stepping=0x01: Patch=0x0a108108 Length=5568 bytes Start=130630 bytes Date=2024-02-27 Equiv_id=0xa181
  Family=0x19 Model=0x50 Stepping=0x00: Patch=0x0a500011 Length=5568 bytes Start=136206 bytes Date=2024-02-29 Equiv_id=0xa500
  Family=0x19 Model=0x21 Stepping=0x02: Patch=0x0a201210 Length=5568 bytes Start=141782 bytes Date=2024-02-29 Equiv_id=0xa212
