Microcode patches in container_cache/microcode_amd_fam15h_latest.bin:
 [equiv entry@0x0000000c: cpuid 0x00600f20, equiv id 0x6020, errata mask 0x00000000, errata compare 0x00000000, res 0x0000]
 [equiv entry@0x0000001c: cpuid 0x00610f01, equiv id 0x6101, errata mask 0x00000000, errata compare 0x00000000, res 0x0000]
 [equiv entry@0x0000002c: cpuid 0x00600f12, equiv id 0x6012, errata mask 0x00000000, errata compare 0x00000000, res 0x0000]
 [equiv entry@0x0000003c: cpuid 0x00000000, equiv id 0x0000, errata mask 0x00000000, errata compare 0x00000000, res 0x0000]
  Family=0x15 Model=0x01 Stepping=0x02: Patch=0x0600063e Length=2592 bytes Start=84 bytes Date=2018-02-07 Equiv_id=0x6012
   [data_code=0x02072018, mc_patch_data_id=0x8002, mc_patch_data_len=0x00, init_flag=0x00, mc_patch_data_checksum=0x00000000]
   [nb_dev_id=0x00000000, sb_dev_id=0x00000000, nb_rev_id=0x00, sb_rev_id=0x00, bios_api_rev=0x00, reserved=[0x00, 0x00, 0x00]]
   [match_reg=[0x9a6f0301, 0x4818af19, 0xbafc759b, 0x6fd1c6b5, 0x236d9140, 0xc65e7559, 0xfc6c6c9c, 0x6f088384]]
  Family=0x15 Model=0x02 Stepping=0x00: Patch=0x06000852 Length=2592 bytes Start=2684 bytes Date=2018-02-06 Equiv_id=0x6020
   [data_code=0x02062018, mc_patch_data_id=0x8002, mc_patch_data_len=0x00, init_flag=0x00, mc_patch_data_checksum=0x00000000]
   [nb_dev_id=0x00000000, sb_dev_id=0x00000000, nb_rev_id=0x00, sb_rev_id=0x00, bios_api_rev=0x00, reserved=[0x00, 0x00, 0x00]]
   [match_reg=[0x38193744, 0x32130531, 0xd64594e9, 0x9014ef40, 0xe570c59b, 0xa7cc7bf6, 0xd1518415, 0x3e13c53c]]
  Family=0x15 Model=0x10 Stepping=0x01: Patch=0x06001119 Length=2592 bytes Start=5284 bytes Date=2012-07-13 Equiv_id=0x6101
   [data_code=0x07132012, mc_patch_data_id=0x8002, mc_patch_data_len=0x00, init_flag=0x00, mc_patch_data_checksum=0x00000000]
   [nb_dev_id=0x00000000, sb_dev_id=0x00000000, nb_rev_id=0x00, sb_rev_id=0x00, bios_api_rev=0x00, reserved=[0x00, 0x00, 0x00]]
   [match_reg=[0x3cc0219d, 0x68471b37, 0xa94f7d11, 0x0fd57cfa, 0x265df346, 0xa0e5712d, 0x562b724e, 0x348d2ec4]]
