Microcode patches in container_cache/microcode_amd_latest.bin:
 [equiv entry@0x0000000c: cpuid 0x00100f80, equiv id 0x1080, errata mask 0x00000000, errata compare 0x00000000, res 0x0000]
 [equiv entry@0x0000001c: cpuid 0x00100f81, equiv id 0x1081, errata mask 0x00000000, errata compare 0x00000000, res 0x0000]
 [equiv entry@0x0000002c: cpuid 0x00100f62, equiv id 0x1062, errata mask 0x00000000, errata compare 0x00000000, res 0x0000]
 [equiv entry@0x0000003c: cpuid 0x00100f23, equiv id 0x1022, errata mask 0x00000000, errata compare 0x00000000, res 0x0000]
 [equiv entry@0x0000004c: cpuid 0x00100f43, equiv id 0x1043, errata mask 0x00000000, errata compare 0x00000000, res 0x0000]
 [equiv entry@0x0000005c: cpuid 0x00100f91, equiv id 0x1081, errata mask 0x00000000, errata compare 0x00000000, res 0x0000]
 [equiv entry@0x0000006c: cpuid 0x00100f2a, equiv id 0x1020, errata mask 0x00000000, errata compare 0x00000000, res 0x0000]
 [equiv entry@0x0000007c: cpuid 0x00100f63, equiv id 0x1043, errata mask 0x00000000, errata compare 0x00000000, res 0x0000]
 [equiv entry@0x0000008c: cpuid 0x00100f42, equiv id 0x1041, errata mask 0x00000000, errata compare 0x00000000, res 0x0000]
 [equiv entry@0x0000009c: cpuid 0x00300f10, equiv id 0x3010, errata mask 0x00000000, errata compare 0x00000000, res 0x0000]
 [equiv entry@0x000000ac: cpuid 0x00200f31, equiv id 0x2031, errata mask 0x00000000, errata compare 0x00000000, res 0x0000]
 [equiv entry@0x000000bc: cpuid 0x00100f52, equiv id 0x1041, errata mask 0x00000000, errata compare 0x00000000, res 0x0000]
 [equiv entry@0x000000cc: cpuid 0x00100fa0, equiv id 0x10a0, errata mask 0x00000000, errata compare 0x00000000, res 0x0000]
 [equiv entry@0x000000dc: cpuid 0x00100f53, equiv id 0x1043, errata mask 0x00000000, errata compare 0x00000000, res 0x0000]
 [equiv entry@0x000000ec: cpuid 0x00100f22, equiv id 0x1022, errata mask 0x00000000, errata compare 0x00000000, res 0x0000]
 [equiv entry@0x000000fc: cpuid 0x00500f10, equiv id 0x5010, errata mask 0x00000000, errata compare 0x00000000, res 0x0000]
 [equiv entry@0x0000010c: cpuid 0x00500f20, equiv id 0x5020, errata mask 0x00000000, errata compare 0x00000000, res 0x0000]
 [equiv entry@0x0000011c: cpuid 0x00000000, equiv id 0x0000, errata mask 0x00000000, errata compare 0x00000000, res 0x0000]
  Family=0x10 Model=0x02 Stepping=0x03: Patch=0x01000083 Length=960 bytes Start=308 bytes Date=2008-04-30 Equiv_id=0x1022
  Family=0x10 Model=0x02 Stepping=0x02: Patch=0x01000083 Length=960 bytes Start=308 bytes Date=2008-04-30 Equiv_id=0x1022
   [data_code=0x04302008, mc_patch_data_id=0x8000, mc_patch_data_len=0x20, init_flag=0x00, mc_patch_data_checksum=0x074388a8]
   [nb_dev_id=0x00000000, sb_dev_id=0x00000000, nb_rev_id=0x00, sb_rev_id=0x00, bios_api_rev=0x00, reserved=[0xaa, 0xaa, 0xaa]]
   [match_reg=[0x00000970, 0x00000149, 0x0000018b, 0x000008c1, 0x00000baa, 0x00000f56, 0x00000b9e, 0x00000c70]]
  Family=0x10 Model=0x02 Stepping=0x0a: Patch=0x01000084 Length=960 bytes Start=1276 bytes Date=2008-05-01 Equiv_id=0x1020
   [data_code=0x05012008, mc_patch_data_id=0x8000, mc_patch_data_len=0x20, init_flag=0x00, mc_patch_data_checksum=0x1fcc8590]
   [nb_dev_id=0x00000000, sb_dev_id=0x00000000, nb_rev_id=0x00, sb_rev_id=0x00, bios_api_rev=0x00, reserved=[0xaa, 0xaa, 0xaa]]
   [match_reg=[0x00000970, 0x00000149, 0x0000018b, 0x000008c1, 0xffffffff, 0x00000f56, 0x00000b9e, 0x00000c70]]
  Family=0x10 Model=0x06 Stepping=0x02: Patch=0x010000c7 Length=960 bytes Start=2244 bytes Date=2010-03-11 Equiv_id=0x1062
   [data_code=0x03112010, mc_patch_data_id=0x8000, mc_patch_data_len=0x20, init_flag=0x00, mc_patch_data_checksum=0x1d6353b8]
   [nb_dev_id=0x00000000, sb_dev_id=0x00000000, nb_rev_id=0x00, sb_rev_id=0x00, bios_api_rev=0x00, reserved=[0xaa, 0xaa, 0xaa]]
   [match_reg=[0x00000b9a, 0x00000c16, 0x00000355, 0xffffffff, 0x00000351, 0xffffffff, 0xffffffff, 0xffffffff]]
  Family=0x10 Model=0x04 Stepping=0x03: Patch=0x010000c8 Length=960 bytes Start=3212 bytes Date=2010-03-11 Equiv_id=0x1043
  Family=0x10 Model=0x06 Stepping=0x03: Patch=0x010000c8 Length=960 bytes Start=3212 bytes Date=2010-03-11 Equiv_id=0x1043
  Family=0x10 Model=0x05 Stepping=0x03: Patch=0x010000c8 Length=960 bytes Start=3212 bytes Date=2010-03-11 Equiv_id=0x1043
   [data_code=0x03112010, mc_patch_data_id=0x8000, mc_patch_data_len=0x20, init_flag=0x00, mc_patch_data_checksum=0xef77996a]
   [nb_dev_id=0x00000000, sb_dev_id=0x00000000, nb_rev_id=0x00, sb_rev_id=0x00, bios_api_rev=0x00, reserved=[0xaa, 0xaa, 0xaa]]
   [match_reg=[0x00000c10, 0x00000355, 0xffffffff, 0x00000351, 0xffffffff, 0xffffffff, 0xffffffff, 0xffffffff]]
  Family=0x10 Model=0x08 Stepping=0x01: Patch=0x010000d9 Length=960 bytes Start=4180 bytes Date=2011-10-12 Equiv_id=0x1081
  Family=0x10 Model=0x09 Stepping=0x01: Patch=0x010000d9 Length=960 bytes Start=4180 bytes Date=2011-10-12 Equiv_id=0x1081
   [data_code=0x10122011, mc_patch_data_id=0x8000, mc_patch_data_len=0x20, init_flag=0x00, mc_patch_data_checksum=0xead2876e]
   [nb_dev_id=0x00000000, sb_dev_id=0x00000000, nb_rev_id=0x00, sb_rev_id=0x00, bios_api_rev=0x00, reserved=[0xaa, 0xaa, 0xaa]]
   [match_reg=[0x00000ba7, 0x00000c14, 0x00000355, 0x00000a08, 0x00000351, 0x00000e0c, 0x000007c4, 0x00000b9a]]
  Family=0x10 Model=0x08 Stepping=0x00: Patch=0x010000da Length=960 bytes Start=5148 bytes Date=2011-10-24 Equiv_id=0x1080
   [data_code=0x10242011, mc_patch_data_id=0x8000, mc_patch_data_len=0x20, init_flag=0x00, mc_patch_data_checksum=0x71c5625a]
   [nb_dev_id=0x00000000, sb_dev_id=0x00000000, nb_rev_id=0x00, sb_rev_id=0x00, bios_api_rev=0x00, reserved=[0xaa, 0xaa, 0xaa]]
   [match_reg=[0x00000b89, 0x00000355, 0xffffffff, 0x00000351, 0x00000a05, 0xffffffff, 0xffffffff, 0xffffffff]]
  Family=0x10 Model=0x04 Stepping=0x02: Patch=0x010000db Length=960 bytes Start=6116 bytes Date=2011-10-24 Equiv_id=0x1041
  Family=0x10 Model=0x05 Stepping=0x02: Patch=0x010000db Length=960 bytes Start=6116 bytes Date=2011-10-24 Equiv_id=0x1041
   [data_code=0x10242011, mc_patch_data_id=0x8000, mc_patch_data_len=0x20, init_flag=0x00, mc_patch_data_checksum=0x72bee4b9]
   [nb_dev_id=0x00000000, sb_dev_id=0x00000000, nb_rev_id=0x00, sb_rev_id=0x00, bios_api_rev=0x00, reserved=[0xaa, 0xaa, 0xaa]]
   [match_reg=[0x000009a0, 0x000009a5, 0xffffffff, 0x000009a1, 0x000009ff, 0xffffffff, 0xffffffff, 0xffffffff]]
  Family=0x10 Model=0x0a Stepping=0x00: Patch=0x010000dc Length=960 bytes Start=7084 bytes Date=2011-10-24 Equiv_id=0x10a0
   [data_code=0x10242011, mc_patch_data_id=0x8000, mc_patch_data_len=0x20, init_flag=0x00, mc_patch_data_checksum=0x4f360b0c]
   [nb_dev_id=0x00000000, sb_dev_id=0x00000000, nb_rev_id=0x00, sb_rev_id=0x00, bios_api_rev=0x00, reserved=[0xaa, 0xaa, 0xaa]]
   [match_reg=[0x00000f74, 0x000001be, 0x00000e33, 0x000001a9, 0x00000075, 0x00000273, 0x00000355, 0x00000351]]
  Family=0x11 Model=0x03 Stepping=0x01: Patch=0x02000032 Length=512 bytes Start=8052 bytes Date=2008-03-06 Equiv_id=0x2031
   [data_code=0x03062008, mc_patch_data_id=0x8000, mc_patch_data_len=0x10, init_flag=0x00, mc_patch_data_checksum=0x8ff3faea]
   [nb_dev_id=0x00000000, sb_dev_id=0x00000000, nb_rev_id=0x00, sb_rev_id=0x00, bios_api_rev=0x00, reserved=[0xaa, 0xaa, 0xaa]]
   [match_reg=[0x00000cc3, 0x00000334, 0xffffffff, 0x00000e0c, 0xffffffff, 0x00000f73, 0x000005ab, 0xffffffff]]
  Family=0x12 Model=0x01 Stepping=0x00: Patch=0x03000027 Length=960 bytes Start=8572 bytes Date=2011-13-09 Equiv_id=0x3010
   [data_code=0x13092011, mc_patch_data_id=0x8003, mc_patch_data_len=0x20, init_flag=0x00, mc_patch_data_checksum=0x104f0040]
   [nb_dev_id=0x00000000, sb_dev_id=0x00000000, nb_rev_id=0x00, sb_rev_id=0x00, bios_api_rev=0x00, reserved=[0xaa, 0xaa, 0xaa]]
   [match_reg=[0xe31902bd, 0x98060c99, 0x687b0f8a, 0xd04511c6, 0x3c450e8c, 0xee29ffff, 0xdd66ffff, 0x8953ffff]]
  Family=0x14 Model=0x01 Stepping=0x00: Patch=0x05000029 Length=1568 bytes Start=9540 bytes Date=2013-01-21 Equiv_id=0x5010
   [data_code=0x01212013, mc_patch_data_id=0x8001, mc_patch_data_len=0x00, init_flag=0x00, mc_patch_data_checksum=0x00000000]
   [nb_dev_id=0x00000000, sb_dev_id=0x00000000, nb_rev_id=0x00, sb_rev_id=0x00, bios_api_rev=0x00, reserved=[0xaa, 0xaa, 0xaa]]
   [match_reg=[0xfe99ab0e, 0x1f837cc0, 0x9e5918bb, 0x9ea6c1f8, 0x2953ec64, 0x1825d798, 0xcb2d8df1, 0xd263ed74]]
  Family=0x14 Model=0x02 Stepping=0x00: Patch=0x05000119 Length=1568 bytes Start=11116 bytes Date=2013-01-18 Equiv_id=0x5020
   [data_code=0x01182013, mc_patch_data_id=0x8001, mc_patch_data_len=0x00, init_flag=0x00, mc_patch_data_checksum=0x00000000]
   [nb_dev_id=0x00000000, sb_dev_id=0x00000000, nb_rev_id=0x00, sb_rev_id=0x00, bios_api_rev=0x00, reserved=[0xaa, 0xaa, 0xaa]]
   [match_reg=[0x807ccb55, 0xb9b50bf6, 0xc7c048db, 0x8e3f4bc3, 0x19bbfe0c, 0xe767b027, 0x55dfb64d, 0x55149239]]
