Microcode patches in container_cache/microcode_amd_20110111.bin:
 [equiv entry@0x0000000c: cpuid 0x00500f10, equiv id 0x5010, errata mask 0x00000000, errata compare 0x00000000, res 0x0000]
 [equiv entry@0x0000001c: cpuid 0x00100f2a, equiv id 0x1020, errata mask 0x00000000, errata compare 0x00000000, res 0x0000]
 [equiv entry@0x0000002c: cpuid 0x00100f23, equiv id 0x1022, errata mask 0x00000000, errata compare 0x00000000, res 0x0000]
 [equiv entry@0x0000003c: cpuid 0x00100f22, equiv id 0x1022, errata mask 0x00000000, errata compare 0x00000000, res 0x0000]
 [equiv entry@0x0000004c: cpuid 0x00000000, equiv id 0x0000, errata mask 0x00000000, errata compare 0x00000000, res 0x0000]
  Family=0x10 Model=0x02 Stepping=0x03: Patch=0x01000083 Length=960 bytes Start=100 bytes Date=2008-04-30 Equiv_id=0x1022
  Family=0x10 Model=0x02 Stepping=0x02: Patch=0x01000083 Length=960 bytes Start=100 bytes Date=2008-04-30 Equiv_id=0x1022
   [data_code=0x04302008, mc_patch_data_id=0x8000, mc_patch_data_len=0x20, init_flag=0x00, mc_patch_data_checksum=0x074388a8]
   [nb_dev_id=0x00000000, sb_dev_id=0x00000000, nb_rev_id=0x00, sb_rev_id=0x00, bios_api_rev=0x00, reserved=[0xaa, 0xaa, 0xaa]]
   [match_reg=[0x00000970, 0x00000149, 0x0000018b, 0x000008c1, 0x00000baa, 0x00000f56, 0x00000b9e, 0x00000c70]]
  Family=0x10 Model=0x02 Stepping=0x0a: Patch=0x01000084 Length=960 bytes Start=1068 bytes Date=2008-05-01 Equiv_id=0x1020
   [data_code=0x05012008, mc_patch_data_id=0x8000, mc_patch_data_len=0x20, init_flag=0x00, mc_patch_data_checksum=0x1fcc8590]
   [nb_dev_id=0x00000000, sb_dev_id=0x00000000, nb_rev_id=0x00, sb_rev_id=0x00, bios_api_rev=0x00, reserved=[0xaa, 0xaa, 0xaa]]
   [match_reg=[0x00000970, 0x00000149, 0x0000018b, 0x000008c1, 0xffffffff, 0x00000f56, 0x00000b9e, 0x00000c70]]
  Family=0x14 Model=0x01 Stepping=0x00: Patch=0x05000028 Length=1824 bytes Start=2036 bytes Date=2010-11-24 Equiv_id=0x5010
   [data_code=0x11242010, mc_patch_data_id=0x8001, mc_patch_data_len=0x00, init_flag=0x00, mc_patch_data_checksum=0x00000000]
   [nb_dev_id=0x00000000, sb_dev_id=0x00000000, nb_rev_id=0x00, sb_rev_id=0x00, bios_api_rev=0x00, reserved=[0xaa, 0xaa, 0xaa]]
   [match_reg=[0x9a9f6689, 0xbbcd8a14, 0xe0596b71, 0xe21decf1, 0x85ddcba1, 0x051854d4, 0x1f70711f, 0xa2866bb5]]
