Microcode patches in container_cache/microcode_amd_solaris_20120910.bin:
  Family=0x10 Model=0x02 Stepping=0x03: Patch=0x01000083 Length=960 bytes Start=308 bytes Date=2008-04-30 Equiv_id=0x1022
  Family=0x10 Model=0x02 Stepping=0x02: Patch=0x01000083 Length=960 bytes Start=308 bytes Date=2008-04-30 Equiv_id=0x1022
    Patch extracted to out/mc_equivid_0x1022_cpuid_0x00100f23_cpuid_0x00100f22_patch_0x01000083.bin
  Family=0x10 Model=0x02 Stepping=0x0a: Patch=0x01000084 Length=960 bytes Start=1276 bytes Date=2008-05-01 Equiv_id=0x1020
    Patch extracted to out/mc_equivid_0x1020_cpuid_0x00100f2a_patch_0x01000084.bin
  Family=0x10 Model=0x06 Stepping=0x02: Patch=0x010000c7 Length=960 bytes Start=2244 bytes Date=2010-03-11 Equiv_id=0x1062
    Patch extracted to out/mc_equivid_0x1062_cpuid_0x00100f62_patch_0x010000c7.bin
  Family=0x10 Model=0x04 Stepping=0x03: Patch=0x010000c8 Length=960 bytes Start=3212 bytes Date=2010-03-11 Equiv_id=0x1043
  Family=0x10 Model=0x06 Stepping=0x03: Patch=0x010000c8 Length=960 bytes Start=3212 bytes Date=2010-03-11 Equiv_id=0x1043
  Family=0x10 Model=0x05 Stepping=0x03: Patch=0x010000c8 Length=960 bytes Start=3212 bytes Date=2010-03-11 Equiv_id=0x1043
    Patch extracted to out/mc_equivid_0x1043_cpuid_0x00100f43_cpuid_0x00100f63_cpuid_0x00100f53_patch_0x010000c8.bin
  Family=0x10 Model=0x08 Stepping=0x01: Patch=0x010000d9 Length=960 bytes Start=4180 bytes Date=2011-10-12 Equiv_id=0x1081
  Family=0x10 Model=0x09 Stepping=0x01: Patch=0x010000d9 Length=960 bytes Start=4180 bytes Date=2011-10-12 Equiv_id=0x1081
    Patch extracted to out/mc_equivid_0x1081_cpuid_0x00100f81_cpuid_0x00100f91_patch_0x010000d9.bin
  Family=0x10 Model=0x08 Stepping=0x00: Patch=0x010000da Length=960 bytes Start=5148 bytes Date=2011-10-24 Equiv_id=0x1080
    Patch extracted to out/mc_equivid_0x1080_cpuid_0x00100f80_patch_0x010000da.bin
  Family=0x10 Model=0x04 Stepping=0x02: Patch=0x010000db Length=960 bytes Start=6116 bytes Date=2011-10-24 Equiv_id=0x1041
  Family=0x10 Model=0x05 Stepping=0x02: Patch=0x010000db Length=960 bytes Start=6116 bytes Date=2011-10-24 Equiv_id=0x1041
    Patch extracted to out/mc_equivid_0x1041_cpuid_0x00100f42_cpuid_0x00100f52_patch_0x010000db.bin
  Family=0x10 Model=0x0a Stepping=0x00: Patch=0x010000dc Length=960 bytes Start=7084 bytes Date=2011-10-24 Equiv_id=0x10a0
    Patch extracted to out/mc_equivid_0x10a0_cpuid_0x00100fa0_patch_0x010000dc.bin
  Family=0x12 Model=0x01 Stepping=0x00: Patch=0x03000027 Length=960 bytes Start=8052 bytes Date=2011-13-09 Equiv_id=0x3010
    Patch extracted to out/mc_equivid_0x3010_cpuid_0x00300f10_patch_0x03000027.bin
  Family=0x14 Model=0x01 Stepping=0x00: Patch=0x05000028 Length=1824 bytes Start=9020 bytes Date=2010-11-24 Equiv_id=0x5010
    Patch extracted to out/mc_equivid_0x5010_cpuid_0x00500f10_patch_0x05000028.bin
  Family=0x14 Model=0x02 Stepping=0x00: Patch=0x0500010d Length=1568 bytes Start=10852 bytes Date=2011-10-11 Equiv_id=0x5020
    Patch extracted to out/mc_equivid_0x5020_cpuid_0x00500f20_patch_0x0500010d.bin
  Family=0x15 Model=0x01 Stepping=0x02: Patch=0x06000624 Length=2592 bytes Start=12428 bytes Date=2011-10-21 Equiv_id=0x6012
    Patch extracted to out/mc_equivid_0x6012_cpuid_0x00600f12_patch_0x06000624.bin
