Microcode patches in container_cache/microcode_amd_fam15h_20120117.bin:
 [equiv entry@0x0000000c: cpuid 0x00600f12, equiv id 0x6012, errata mask 0x00000000, errata compare 0x00000000, res 0x0000]
 [equiv entry@0x0000001c: cpuid 0x00000000, equiv id 0x0000, errata mask 0x00000000, errata compare 0x00000000, res 0x0000]
  Family=0x15 Model=0x01 Stepping=0x02: Patch=0x06000624 Length=2592 bytes Start=52 bytes Date=2011-10-21 Equiv_id=0x6012
   [data_code=0x10212011, mc_patch_data_id=0x8002, mc_patch_data_len=0x00, init_flag=0x00, mc_patch_data_checksum=0x00000000]
   [nb_dev_id=0x00000000, sb_dev_id=0x00000000, nb_rev_id=0x00, sb_rev_id=0x00, bios_api_rev=0x00, reserved=[0x00, 0x00, 0x00]]
   [match_reg=[0xc4896653, 0xbf159038, 0xc670eeec, 0x846618db, 0xe53a2fa6, 0x466c912e, 0x02db1a2f, 0xbd1729dc]]
