Microcode patches in container_cache/microcode_amd_fam15h_latest.bin:
  Family=0x15 Model=0x01 Stepping=0x02: Patch=0x0600063e Length=2592 bytes Start=84 bytes Date=2018-02-07 Equiv_id=0x6012
    Patch extracted to out/mc_equivid_0x6012_cpuid_0x00600f12_patch_0x0600063e.bin
  Family=0x15 Model=0x02 Stepping=0x00: Patch=0x06000852 Length=2592 bytes Start=2684 bytes Date=2018-02-06 Equiv_id=0x6020
    Patch extracted to out/mc_equivid_0x6020_cpuid_0x00600f20_patch_0x06000852.bin
  Family=0x15 Model=0x10 Stepping=0x01: Patch=0x06001119 Length=2592 bytes Start=5284 bytes Date=2012-07-13 Equiv_id=0x6101
    Patch extracted to out/mc_equivid_0x6101_cpuid_0x00610f01_patch_0x06001119.bin
