Microcode patches in container_cache/microcode_amd_fam17h_20241121.bin:
 [equiv entry@0x0000000c: cpuid 0x00870f10, equiv id 0x8710, errata mask 0x00000000, errata compare 0x00000000, res 0x0000]
 [equiv entry@0x0000001c: cpuid 0x00800f12, equiv id 0x8012, errata mask 0x00000000, errata compare 0x00000000, res 0x0000]
 [equiv entry@0x0000002c: cpuid 0x00830f10, equiv id 0x8310, errata mask 0x00000000, errata compare 0x00000000, res 0x0000]
 [equiv entry@0x0000003c: cpuid 0x00860f01, equiv id 0x8601, errata mask 0x00000000, errata compare 0x00000000, res 0x0000]
 [equiv entry@0x0000004c: cpuid 0x00800f82, equiv id 0x8082, errata mask 0x00000000, errata compare 0x00000000, res 0x0000]
 [equiv entry@0x0000005c: cpuid 0x008a0f00, equiv id 0x8a00, errata mask 0x00000000, errata compare 0x00000000, res 0x0000]
 [equiv entry@0x0000006c: cpuid 0x00860f81, equiv id 0x8681, errata mask 0x00000000, errata compare 0x00000000, res 0x0000]
 [equiv entry@0x0000007c: cpuid 0x00000000, equiv id 0x0000, errata mask 0x00000000, errata compare 0x00000000, res 0x0000]
  Family=0x17 Model=0x71 Stepping=0x00: Patch=0x08701034 Length=3200 bytes Start=148 bytes Date=2024-02-23 Equiv_id=0x8710
   [data_code=0x02232024, mc_patch_data_id=0x8004, mc_patch_data_len=0x00, init_flag=0x00, mc_patch_data_checksum=0x00000000]
   [nb_dev_id=0x00000000, sb_dev_id=0x00000000, nb_rev_id=0x00, sb_rev_id=0x00, bios_api_rev=0x00, reserved=[0x00, 0x00, 0x00]]
   [match_reg=[0x6b2ffc43, 0x57d654ea, 0x99f5b697, 0x3e51a0af, 0xdd840edc, 0x38757d94, 0xb351a8ec, 0x3b9a589c]]
  Family=0x17 Model=0x01 Stepping=0x02: Patch=0x0800126f Length=3200 bytes Start=3356 bytes Date=2023-12-19 Equiv_id=0x8012
   [data_code=0x12192023, mc_patch_data_id=0x8004, mc_patch_data_len=0x00, init_flag=0x00, mc_patch_data_checksum=0x00000000]
   [nb_dev_id=0x00000000, sb_dev_id=0x00000000, nb_rev_id=0x00, sb_rev_id=0x00, bios_api_rev=0x00, reserved=[0x00, 0x00, 0x00]]
   [match_reg=[0xbcf8c37b, 0x5103e036, 0xbcc22472, 0x711dd230, 0xf302abc7, 0x6b714d2d, 0xac72abdd, 0x47708f56]]
  Family=0x17 Model=0x31 Stepping=0x00: Patch=0x0830107c Length=3200 bytes Start=6564 bytes Date=2023-12-18 Equiv_id=0x8310
   [data_code=0x12182023, mc_patch_data_id=0x8004, mc_patch_data_len=0x00, init_flag=0x00, mc_patch_data_checksum=0x00000000]
   [nb_dev_id=0x00000000, sb_dev_id=0x00000000, nb_rev_id=0x00, sb_rev_id=0x00, bios_api_rev=0x00, reserved=[0x00, 0x00, 0x00]]
   [match_reg=[0xaf03db7a, 0x93bd224b, 0xa85bcb0b, 0x7c8d6def, 0xfcd1a208, 0x70ba3f08, 0xacd3ee5c, 0xa4199122]]
  Family=0x17 Model=0x60 Stepping=0x01: Patch=0x0860010d Length=3200 bytes Start=9772 bytes Date=2024-02-23 Equiv_id=0x8601
   [data_code=0x02232024, mc_patch_data_id=0x8004, mc_patch_data_len=0x00, init_flag=0x00, mc_patch_data_checksum=0x00000000]
   [nb_dev_id=0x00000000, sb_dev_id=0x00000000, nb_rev_id=0x00, sb_rev_id=0x00, bios_api_rev=0x00, reserved=[0x00, 0x00, 0x00]]
   [match_reg=[0xcf34fa3a, 0xbe711ca4, 0x65d98136, 0xf21ee9ec, 0x88d0bc2d, 0x74700429, 0xb92b445a, 0xeba85dae]]
  Family=0x17 Model=0x08 Stepping=0x02: Patch=0x0800820d Length=3200 bytes Start=12980 bytes Date=2019-04-16 Equiv_id=0x8082
   [data_code=0x04162019, mc_patch_data_id=0x8004, mc_patch_data_len=0x00, init_flag=0x00, mc_patch_data_checksum=0x00000000]
   [nb_dev_id=0x00000000, sb_dev_id=0x00000000, nb_rev_id=0x00, sb_rev_id=0x00, bios_api_rev=0x00, reserved=[0x00, 0x00, 0x00]]
   [match_reg=[0x7607585b, 0xe0e7971e, 0x6f2e1515, 0xb5d7e5cc, 0x23b99290, 0xeddeaed6, 0x07da027f, 0x8b49414e]]
  Family=0x17 Model=0xa0 Stepping=0x00: Patch=0x08a0000a Length=3200 bytes Start=16188 bytes Date=2024-03-04 Equiv_id=0x8a00
   [data_code=0x03042024, mc_patch_data_id=0x8004, mc_patch_data_len=0x00, init_flag=0x00, mc_patch_data_checksum=0x00000000]
   [nb_dev_id=0x00000000, sb_dev_id=0x00000000, nb_rev_id=0x00, sb_rev_id=0x00, bios_api_rev=0x00, reserved=[0x00, 0x00, 0x00]]
   [match_reg=[0x2a233550, 0xb9c8f9aa, 0x7bac4762, 0x94740280, 0x51485619, 0x5784bdb0, 0xb5645028, 0xf30edfd9]]
  Family=0x17 Model=0x68 Stepping=0x01: Patch=0x08608108 Length=3200 bytes Start=19396 bytes Date=2024-02-23 Equiv_id=0x8681
   [data_code=0x02232024, mc_patch_data_id=0x8004, mc_patch_data_len=0x00, init_flag=0x00, mc_patch_data_checksum=0x00000000]
   [nb_dev_id=0x00000000, sb_dev_id=0x00000000, nb_rev_id=0x00, sb_rev_id=0x00, bios_api_rev=0x00, reserved=[0x00, 0x00, 0x00]]
   [match_reg=[0xf2f6ca6b, 0x960394af, 0xaa095ca1, 0x910ea701, 0xdc373756, 0x617332c0, 0x0d4c3c16, 0x1958ccc0]]
