Microcode patches in container_cache/microcode_amd_20090120.bin:
  Family=0x10 Model=0x02 Stepping=0x0a: Patch=0x01000084 Length=960 bytes Start=84 bytes Date=2008-05-01 Equiv_id=0x1020
    Patch extracted to out/mc_patch_01000084.bin
  Family=0x10 Model=0x02 Stepping=0x03: Patch=0x01000083 Length=960 bytes Start=1052 bytes Date=2008-04-30 Equiv_id=0x1022
  Family=0x10 Model=0x02 Stepping=0x02: Patch=0x01000083 Length=960 bytes Start=1052 bytes Date=2008-04-30 Equiv_id=0x1022
    Patch extracted to out/mc_patch_01000083.bin
