Microcode patches in container_cache/microcode_amd_all_families.bin:
 [equiv entry@0x0000000c: cpuid 0x00100f80, equiv id 0x1080, errata mask 0x00000000, errata compare 0x00000000, res 0x0000]
 [equiv entry@0x0000001c: cpuid 0x00100f81, equiv id 0x1081, errata mask 0x00000000, errata compare 0x00000000, res 0x0000]
 [equiv entry@0x0000002c: cpuid 0x00100f62, equiv id 0x1062, errata mask 0x00000000, errata compare 0x00000000, res 0x0000]
 [equiv entry@0x0000003c: cpuid 0x00100f23, equiv id 0x1022, errata mask 0x00000000, errata compare 0x00000000, res 0x0000]
 [equiv entry@0x0000004c: cpuid 0x00100f43, equiv id 0x1043, errata mask 0x00000000, errata compare 0x00000000, res 0x0000]
 [equiv entry@0x0000005c: cpuid 0x00100f91, equiv id 0x1081, errata mask 0x00000000, errata compare 0x00000000, res 0x0000]
 [equiv entry@0x0000006c: cpuid 0x00100f2a, equiv id 0x1020, errata mask 0x00000000, errata compare 0x00000000, res 0x0000]
 [equiv entry@0x0000007c: cpuid 0x00100f63, equiv id 0x1043, errata mask 0x00000000, errata compare 0x00000000, res 0x0000]
 [equiv entry@0x0000008c: cpuid 0x00100f42, equiv id 0x1041, errata mask 0x00000000, errata compare 0x00000000, res 0x0000]
 [equiv entry@0x0000009c: cpuid 0x00300f10, equiv id 0x3010, errata mask 0x00000000, errata compare 0x00000000, res 0x0000]
 [equiv entry@0x000000ac: cpuid 0x00200f31, equiv id 0x2031, errata mask 0x00000000, errata compare 0x00000000, res 0x0000]
 [equiv entry@0x000000bc: cpuid 0x00100f52, equiv id 0x1041, errata mask 0x00000000, errata compare 0x00000000, res 0x0000]
 [equiv entry@0x000000cc: cpuid 0x00100fa0, equiv id 0x10a0, errata mask 0x00000000, errata compare 0x00000000, res 0x0000]
 [equiv entry@0x000000dc: cpuid 0x00100f53, equiv id 0x1043, errata mask 0x00000000, errata compare 0x00000000, res 0x0000]
 [equiv entry@0x000000ec: cpuid 0x00100f22, equiv id 0x1022, errata mask 0x00000000, errata compare 0x00000000, res 0x0000]
 [equiv entry@0x000000fc: cpuid 0x00500f10, equiv id 0x5010, errata mask 0x00000000, errata compare 0x00000000, res 0x0000]
 [equiv entry@0x0000010c: cpuid 0x00500f20, equiv id 0x5020, errata mask 0x00000000, errata compare 0x00000000, res 0x0000]
 [equiv entry@0x0000011c: cpuid 0x00000000, equiv id 0x0000, errata mask 0x00000000, errata compare 0x00000000, res 0x0000]
  Family=0x10 Model=0x02 Stepping=0x03: Patch=0x01000083 Length=960 bytes Start=308 bytes Date=2008-04-30 Equiv_id=0x1022
  Family=0x10 Model=0x02 Stepping=0x02: Patch=0x01000083 Length=960 bytes Start=308 bytes Date=2008-04-30 Equiv_id=0x1022
   [data_code=0x04302008, mc_patch_data_id=0x8000, mc_patch_data_len=0x20, init_flag=0x00, mc_patch_data_checksum=0x074388a8]
   [nb_dev_id=0x00000000, sb_dev_id=0x00000000, nb_rev_id=0x00, sb_rev_id=0x00, bios_api_rev=0x00, reserved=[0xaa, 0xaa, 0xaa]]
   [match_reg=[0x00000970, 0x00000149, 0x0000018b, 0x000008c1, 0x00000baa, 0x00000f56, 0x00000b9e, 0x00000c70]]
  Family=0x10 Model=0x02 Stepping=0x0a: Patch=0x01000084 Length=960 bytes Start=1276 bytes Date=2008-05-01 Equiv_id=0x1020
   [data_code=0x05012008, mc_patch_data_id=0x8000, mc_patch_data_len=0x20, init_flag=0x00, mc_patch_data_checksum=0x1fcc8590]
   [nb_dev_id=0x00000000, sb_dev_id=0x00000000, nb_rev_id=0x00, sb_rev_id=0x00, bios_api_rev=0x00, reserved=[0xaa, 0xaa, 0xaa]]
   [match_reg=[0x00000970, 0x00000149, 0x0000018b, 0x000008c1, 0xffffffff, 0x00000f56, 0x00000b9e, 0x00000c70]]
  Family=0x10 Model=0x06 Stepping=0x02: Patch=0x010000c7 Length=960 bytes Start=2244 bytes Date=2010-03-11 Equiv_id=0x1062
   [data_code=0x03112010, mc_patch_data_id=0x8000, mc_patch_data_len=0x20, init_flag=0x00, mc_patch_data_checksum=0x1d6353b8]
   [nb_dev_id=0x00000000, sb_dev_id=0x00000000, nb_rev_id=0x00, sb_rev_id=0x00, bios_api_rev=0x00, reserved=[0xaa, 0xaa, 0xaa]]
   [match_reg=[0x00000b9a, 0x00000c16, 0x00000355, 0xffffffff, 0x00000351, 0xffffffff, 0xffffffff, 0xffffffff]]
  Family=0x10 Model=0x04 Stepping=0x03: Patch=0x010000c8 Length=960 bytes Start=3212 bytes Date=2010-03-11 Equiv_id=0x1043
  Family=0x10 Model=0x06 Stepping=0x03: Patch=0x010000c8 Length=960 bytes Start=3212 bytes Date=2010-03-11 Equiv_id=0x1043
  Family=0x10 Model=0x05 Stepping=0x03: Patch=0x010000c8 Length=960 bytes Start=3212 bytes Date=2010-03-11 Equiv_id=0x1043
   [data_code=0x03112010, mc_patch_data_id=0x8000, mc_patch_data_len=0x20, init_flag=0x00, mc_patch_data_checksum=0xef77996a]
   [nb_dev_id=0x00000000, sb_dev_id=0x00000000, nb_rev_id=0x00, sb_rev_id=0x00, bios_api_rev=0x00, reserved=[0xaa, 0xaa, 0xaa]]
   [match_reg=[0x00000c10, 0x00000355, 0xffffffff, 0x00000351, 0xffffffff, 0xffffffff, 0xffffffff, 0xffffffff]]
  Family=0x10 Model=0x08 Stepping=0x01: Patch=0x010000d9 Length=960 bytes Start=4180 bytes Date=2011-10-12 Equiv_id=0x1081
  Family=0x10 Model=0x09 Stepping=0x01: Patch=0x010000d9 Length=960 bytes Start=4180 bytes Date=2011-10-12 Equiv_id=0x1081
   [data_code=0x10122011, mc_patch_data_id=0x8000, mc_patch_data_len=0x20, init_flag=0x00, mc_patch_data_checksum=0xead2876e]
   [nb_dev_id=0x00000000, sb_dev_id=0x00000000, nb_rev_id=0x00, sb_rev_id=0x00, bios_api_rev=0x00, reserved=[0xaa, 0xaa, 0xaa]]
   [match_reg=[0x00000ba7, 0x00000c14, 0x00000355, 0x00000a08, 0x00000351, 0x00000e0c, 0x000007c4, 0x00000b9a]]
  Family=0x10 Model=0x08 Stepping=0x00: Patch=0x010000da Length=960 bytes Start=5148 bytes Date=2011-10-24 Equiv_id=0x1080
   [data_code=0x10242011, mc_patch_data_id=0x8000, mc_patch_data_len=0x20, init_flag=0x00, mc_patch_data_checksum=0x71c5625a]
   [nb_dev_id=0x00000000, sb_dev_id=0x00000000, nb_rev_id=0x00, sb_rev_id=0x00, bios_api_rev=0x00, reserved=[0xaa, 0xaa, 0xaa]]
   [match_reg=[0x00000b89, 0x00000355, 0xffffffff, 0x00000351, 0x00000a05, 0xffffffff, 0xffffffff, 0xffffffff]]
  Family=0x10 Model=0x04 Stepping=0x02: Patch=0x010000db Length=960 bytes Start=6116 bytes Date=2011-10-24 Equiv_id=0x1041
  Family=0x10 Model=0x05 Stepping=0x02: Patch=0x010000db Length=960 bytes Start=6116 bytes Date=2011-10-24 Equiv_id=0x1041
   [data_code=0x10242011, mc_patch_data_id=0x8000, mc_patch_data_len=0x20, init_flag=0x00, mc_patch_data_checksum=0x72bee4b9]
   [nb_dev_id=0x00000000, sb_dev_id=0x00000000, nb_rev_id=0x00, sb_rev_id=0x00, bios_api_rev=0x00, reserved=[0xaa, 0xaa, 0xaa]]
   [match_reg=[0x000009a0, 0x000009a5, 0xffffffff, 0x000009a1, 0x000009ff, 0xffffffff, 0xffffffff, 0xffffffff]]
  Family=0x10 Model=0x0a Stepping=0x00: Patch=0x010000dc Length=960 bytes Start=7084 bytes Date=2011-10-24 Equiv_id=0x10a0
   [data_code=0x10242011, mc_patch_data_id=0x8000, mc_patch_data_len=0x20, init_flag=0x00, mc_patch_data_checksum=0x4f360b0c]
   [nb_dev_id=0x00000000, sb_dev_id=0x00000000, nb_rev_id=0x00, sb_rev_id=0x00, bios_api_rev=0x00, reserved=[0xaa, 0xaa, 0xaa]]
   [match_reg=[0x00000f74, 0x000001be, 0x00000e33, 0x000001a9, 0x00000075, 0x00000273, 0x00000355, 0x00000351]]
  Family=0x11 Model=0x03 Stepping=0x01: Patch=0x02000032 Length=512 bytes Start=8052 bytes Date=2008-03-06 Equiv_id=0x2031
   [data_code=0x03062008, mc_patch_data_id=0x8000, mc_patch_data_len=0x10, init_flag=0x00, mc_patch_data_checksum=0x8ff3faea]
   [nb_dev_id=0x00000000, sb_dev_id=0x00000000, nb_rev_id=0x00, sb_rev_id=0x00, bios_api_rev=0x00, reserved=[0xaa, 0xaa, 0xaa]]
   [match_reg=[0x00000cc3, 0x00000334, 0xffffffff, 0x00000e0c, 0xffffffff, 0x00000f73, 0x000005ab, 0xffffffff]]
  Family=0x12 Model=0x01 Stepping=0x00: Patch=0x03000027 Length=960 bytes Start=8572 bytes Date=2011-13-09 Equiv_id=0x3010
   [data_code=0x13092011, mc_patch_data_id=0x8003, mc_patch_data_len=0x20, init_flag=0x00, mc_patch_data_checksum=0x104f0040]
   [nb_dev_id=0x00000000, sb_dev_id=0x00000000, nb_rev_id=0x00, sb_rev_id=0x00, bios_api_rev=0x00, reserved=[0xaa, 0xaa, 0xaa]]
   [match_reg=[0xe31902bd, 0x98060c99, 0x687b0f8a, 0xd04511c6, 0x3c450e8c, 0xee29ffff, 0xdd66ffff, 0x8953ffff]]
  Family=0x14 Model=0x01 Stepping=0x00: Patch=0x05000029 Length=1568 bytes Start=9540 bytes Date=2013-01-21 Equiv_id=0x5010
   [data_code=0x01212013, mc_patch_data_id=0x8001, mc_patch_data_len=0x00, init_flag=0x00, mc_patch_data_checksum=0x00000000]
   [nb_dev_id=0x00000000, sb_dev_id=0x00000000, nb_rev_id=0x00, sb_rev_id=0x00, bios_api_rev=0x00, reserved=[0xaa, 0xaa, 0xaa]]
   [match_reg=[0xfe99ab0e, 0x1f837cc0, 0x9e5918bb, 0x9ea6c1f8, 0x2953ec64, 0x1825d798, 0xcb2d8df1, 0xd263ed74]]
  Family=0x14 Model=0x02 Stepping=0x00: Patch=0x05000119 Length=1568 bytes Start=11116 bytes Date=2013-01-18 Equiv_id=0x5020
   [data_code=0x01182013, mc_patch_data_id=0x8001, mc_patch_data_len=0x00, init_flag=0x00, mc_patch_data_checksum=0x00000000]
   [nb_dev_id=0x00000000, sb_dev_id=0x00000000, nb_rev_id=0x00, sb_rev_id=0x00, bios_api_rev=0x00, reserved=[0xaa, 0xaa, 0xaa]]
   [match_reg=[0x807ccb55, 0xb9b50bf6, 0xc7c048db, 0x8e3f4bc3, 0x19bbfe0c, 0xe767b027, 0x55dfb64d, 0x55149239]]
Microcode patches in container_cache/microcode_amd_all_families.bin+0x318c:
 [equiv entry@0x00003198: cpuid 0x00600f20, equiv id 0x6020, errata mask 0x00000000, errata compare 0x00000000, res 0x0000]
 [equiv entry@0x000031a8: cpuid 0x00610f01, equiv id 0x6101, errata mask 0x00000000, errata compare 0x00000000, res 0x0000]
 [equiv entry@0x000031b8: cpuid 0x00600f12, equiv id 0x6012, errata mask 0x00000000, errata compare 0x00000000, res 0x0000]
 [equiv entry@0x000031c8: cpuid 0x00000000, equiv id 0x0000, errata mask 0x00000000, errata compare 0x00000000, res 0x0000]
  Family=0x15 Model=0x01 Stepping=0x02: Patch=0x0600063e Length=2592 bytes Start=12768 bytes Date=2018-02-07 Equiv_id=0x6012
   [data_code=0x02072018, mc_patch_data_id=0x8002, mc_patch_data_len=0x00, init_flag=0x00, mc_patch_data_checksum=0x00000000]
   [nb_dev_id=0x00000000, sb_dev_id=0x00000000, nb_rev_id=0x00, sb_rev_id=0x00, bios_api_rev=0x00, reserved=[0x00, 0x00, 0x00]]
   [match_reg=[0x9a6f0301, 0x4818af19, 0xbafc759b, 0x6fd1c6b5, 0x236d9140, 0xc65e7559, 0xfc6c6c9c, 0x6f088384]]
  Family=0x15 Model=0x02 Stepping=0x00: Patch=0x06000852 Length=2592 bytes Start=15368 bytes Date=2018-02-06 Equiv_id=0x6020
   [data_code=0x02062018, mc_patch_data_id=0x8002, mc_patch_data_len=0x00, init_flag=0x00, mc_patch_data_checksum=0x00000000]
   [nb_dev_id=0x00000000, sb_dev_id=0x00000000, nb_rev_id=0x00, sb_rev_id=0x00, bios_api_rev=0x00, reserved=[0x00, 0x00, 0x00]]
   [match_reg=[0x38193744, 0x32130531, 0xd64594e9, 0x9014ef40, 0xe570c59b, 0xa7cc7bf6, 0xd1518415, 0x3e13c53c]]
  Family=0x15 Model=0x10 Stepping=0x01: Patch=0x06001119 Length=2592 bytes Start=17968 bytes Date=2012-07-13 Equiv_id=0x6101
   [data_code=0x07132012, mc_patch_data_id=0x8002, mc_patch_data_len=0x00, init_flag=0x00, mc_patch_data_checksum=0x00000000]
   [nb_dev_id=0x00000000, sb_dev_id=0x00000000, nb_rev_id=0x00, sb_rev_id=0x00, bios_api_rev=0x00, reserved=[0x00, 0x00, 0x00]]
   [match_reg=[0x3cc0219d, 0x68471b37, 0xa94f7d11, 0x0fd57cfa, 0x265df346, 0xa0e5712d, 0x562b724e, 0x348d2ec4]]
Microcode patches in container_cache/microcode_amd_all_families.bin+0x5050:
 [equiv entry@0x0000505c: cpuid 0x00700f01, equiv id 0x7001, errata mask 0x00000000, errata compare 0x00000000, res 0x0000]
 [equiv entry@0x0000506c: cpuid 0x00000000, equiv id 0x0000, errata mask 0x00000000, errata compare 0x00000000, res 0x0000]
  Family=0x16 Model=0x00 Stepping=0x01: Patch=0x0700010f Length=3458 bytes Start=20612 bytes Date=2014-02-19 Equiv_id=0x7001
   [data_code=0x02192014, mc_patch_data_id=0x8003, mc_patch_data_len=0x00, init_flag=0x00, mc_patch_data_checksum=0x00000000]
   [nb_dev_id=0x00000000, sb_dev_id=0x00000000, nb_rev_id=0x00, sb_rev_id=0x00, bios_api_rev=0x00, reserved=[0xaa, 0xaa, 0xaa]]
   [match_reg=[0xf8f60115, 0xb79ef487, 0x185ce824, 0x00d916de, 0xbcd63544, 0xba5d5f77, 0xbafd8857, 0xa566ee6e]]
Microcode patches in container_cache/microcode_amd_all_families.bin+0x5e06:
 [equiv entry@0x00005e12: cpuid 0x00870f10, equiv id 0x8710, errata mask 0x00000000, errata compare 0x00000000, res 0x0000]
 [equiv entry@0x00005e22: cpuid 0x00800f12, equiv id 0x8012, errata mask 0x00000000, errata compare 0x00000000, res 0x0000]
 [equiv entry@0x00005e32: cpuid 0x00830f10, equiv id 0x8310, errata mask 0x00000000, errata compare 0x00000000, res 0x0000]
 [equiv entry@0x00005e42: cpuid 0x00860f01, equiv id 0x8601, errata mask 0x00000000, errata compare 0x00000000, res 0x0000]
 [equiv entry@0x00005e52: cpuid 0x00800f82, equiv id 0x8082, errata mask 0x00000000, errata compare 0x00000000, res 0x0000]
 [equiv entry@0x00005e62: cpuid 0x008a0f00, equiv id 0x8a00, errata mask 0x00000000, errata compare 0x00000000, res 0x0000]
 [equiv entry@0x00005e72: cpuid 0x00860f81, equiv id 0x8681, errata mask 0x00000000, errata compare 0x00000000, res 0x0000]
 [equiv entry@0x00005e82: cpuid 0x00000000, equiv id 0x0000, errata mask 0x00000000, errata compare 0x00000000, res 0x0000]
  Family=0x17 Model=0x71 Stepping=0x00: Patch=0x08701034 Length=3200 bytes Start=24218 bytes Date=2024-02-23 Equiv_id=0x8710
   [data_code=0x02232024, mc_patch_data_id=0x8004, mc_patch_data_len=0x00, init_flag=0x00, mc_patch_data_checksum=0x00000000]
   [nb_dev_id=0x00000000, sb_dev_id=0x00000000, nb_rev_id=0x00, sb_rev_id=0x00, bios_api_rev=0x00, reserved=[0x00, 0x00, 0x00]]
   [match_reg=[0x6b2ffc43, 0x57d654ea, 0x99f5b697, 0x3e51a0af, 0xdd840edc, 0x38757d94, 0xb351a8ec, 0x3b9a589c]]
  Family=0x17 Model=0x01 Stepping=0x02: Patch=0x0800126f Length=3200 bytes Start=27426 bytes Date=2023-12-19 Equiv_id=0x8012
   [data_code=0x12192023, mc_patch_data_id=0x8004, mc_patch_data_len=0x00, init_flag=0x00, mc_patch_data_checksum=0x00000000]
   [nb_dev_id=0x00000000, sb_dev_id=0x00000000, nb_rev_id=0x00, sb_rev_id=0x00, bios_api_rev=0x00, reserved=[0x00, 0x00, 0x00]]
   [match_reg=[0xbcf8c37b, 0x5103e036, 0xbcc22472, 0x711dd230, 0xf302abc7, 0x6b714d2d, 0xac72abdd, 0x47708f56]]
  Family=0x17 Model=0x31 Stepping=0x00: Patch=0x0830107c Length=3200 bytes Start=30634 bytes Date=2023-12-18 Equiv_id=0x8310
   [data_code=0x12182023, mc_patch_data_id=0x8004, mc_patch_data_len=0x00, init_flag=0x00, mc_patch_data_checksum=0x00000000]
   [nb_dev_id=0x00000000, sb_dev_id=0x00000000, nb_rev_id=0x00, sb_rev_id=0x00, bios_api_rev=0x00, reserved=[0x00, 0x00, 0x00]]
   [match_reg=[0xaf03db7a, 0x93bd224b, 0xa85bcb0b, 0x7c8d6def, 0xfcd1a208, 0x70ba3f08, 0xacd3ee5c, 0xa4199122]]
  Family=0x17 Model=0x60 Stepping=0x01: Patch=0x0860010d Length=3200 bytes Start=33842 bytes Date=2024-02-23 Equiv_id=0x8601
   [data_code=0x02232024, mc_patch_data_id=0x8004, mc_patch_data_len=0x00, init_flag=0x00, mc_patch_data_checksum=0x00000000]
   [nb_dev_id=0x00000000, sb_dev_id=0x00000000, nb_rev_id=0x00, sb_rev_id=0x00, bios_api_rev=0x00, reserved=[0x00, 0x00, 0x00]]
   [match_reg=[0xcf34fa3a, 0xbe711ca4, 0x65d98136, 0xf21ee9ec, 0x88d0bc2d, 0x74700429, 0xb92b445a, 0xeba85dae]]
  Family=0x17 Model=0x08 Stepping=0x02: Patch=0x0800820d Length=3200 bytes Start=37050 bytes Date=2019-04-16 Equiv_id=0x8082
   [data_code=0x04162019, mc_patch_data_id=0x8004, mc_patch_data_len=0x00, init_flag=0x00, mc_patch_data_checksum=0x00000000]
   [nb_dev_id=0x00000000, sb_dev_id=0x00000000, nb_rev_id=0x00, sb_rev_id=0x00, bios_api_rev=0x00, reserved=[0x00, 0x00, 0x00]]
   [match_reg=[0x7607585b, 0xe0e7971e, 0x6f2e1515, 0xb5d7e5cc, 0x23b99290, 0xeddeaed6, 0x07da027f, 0x8b49414e]]
  Family=0x17 Model=0xa0 Stepping=0x00: Patch=0x08a0000a Length=3200 bytes Start=40258 bytes Date=2024-03-04 Equiv_id=0x8a00
   [data_code=0x03042024, mc_patch_data_id=0x8004, mc_patch_data_len=0x00, init_flag=0x00, mc_patch_data_checksum=0x00000000]
   [nb_dev_id=0x00000000, sb_dev_id=0x00000000, nb_rev_id=0x00, sb_rev_id=0x00, bios_api_rev=0x00, reserved=[0x00, 0x00, 0x00]]
   [match_reg=[0x2a233550, 0xb9c8f9aa, 0x7bac4762, 0x94740280, 0x51485619, 0x5784bdb0, 0xb5645028, 0xf30edfd9]]
  Family=0x17 Model=0x68 Stepping=0x01: Patch=0x08608108 Length=3200 bytes Start=43466 bytes Date=2024-02-23 Equiv_id=0x8681
   [data_code=0x02232024, mc_patch_data_id=0x8004, mc_patch_data_len=0x00, init_flag=0x00, mc_patch_data_checksum=0x00000000]
   [nb_dev_id=0x00000000, sb_dev_id=0x00000000, nb_rev_id=0x00, sb_rev_id=0x00, bios_api_rev=0x00, reserved=[0x00, 0x00, 0x00]]
   [match_reg=[0xf2f6ca6b, 0x960394af, 0xaa095ca1, 0x910ea701, 0xdc373756, 0x617332c0, 0x0d4c3c16, 0x1958ccc0]]
Microcode patches in container_cache/microcode_amd_all_families.bin+0xb64a:
 [equiv entry@0x0000b656: cpuid 0x00a00f10, equiv id 0xa010, errata mask 0x00000000, errata compare 0x00000000, res 0x0000]
 [equiv entry@0x0000b666: cpuid 0x00a70fc0, equiv id 0xa7c0, errata mask 0x00000000, errata compare 0x00000000, res 0x0000]
 [equiv entry@0x0000b676: cpuid 0x00a70f52, equiv id 0xa752, errata mask 0x00000000, errata compare 0x00000000, res 0x0000]
 [equiv entry@0x0000b686: cpuid 0x00a00f82, equiv id 0xa082, errata mask 0x00000000, errata compare 0x00000000, res 0x0000]
 [equiv entry@0x0000b696: cpuid 0x00a10f12, equiv id 0xa112, errata mask 0x00000000, errata compare 0x00000000, res 0x0000]
 [equiv entry@0x0000b6a6: cpuid 0x00aa0f02, equiv id 0xaa02, errata mask 0x00000000, errata compare 0x00000000, res 0x0000]
 [equiv entry@0x0000b6b6: cpuid 0x00a40f41, equiv id 0xa441, errata mask 0x00000000, errata compare 0x00000000, res 0x0000]
 [equiv entry@0x0000b6c6: cpuid 0x00a70f80, equiv id 0xa780, errata mask 0x00000000, errata compare 0x00000000, res 0x0000]
 [equiv entry@0x0000b6d6: cpuid 0x00a20f10, equiv id 0xa210, errata mask 0x00000000, errata compare 0x00000000, res 0x0000]
 [equiv entry@0x0000b6e6: cpuid 0x00a70f41, equiv id 0xa741, errata mask 0x00000000, errata compare 0x00000000, res 0x0000]
 [equiv entry@0x0000b6f6: cpuid 0x00a00f12, equiv id 0xa012, errata mask 0x00000000, errata compare 0x00000000, res 0x0000]
 [equiv entry@0x0000b706: cpuid 0x00a10f11, equiv id 0xa111, errata mask 0x00000000, errata compare 0x00000000, res 0x0000]
 [equiv entry@0x0000b716: cpuid 0x00a60f12, equiv id 0xa612, errata mask 0x00000000, errata compare 0x00000000, res 0x0000]
 [equiv entry@0x0000b726: cpuid 0x00a00f11, equiv id 0xa011, errata mask 0x00000000, errata compare 0x00000000, res 0x0000]
 [equiv entry@0x0000b736: cpuid 0x00aa0f01, equiv id 0xaa01, errata mask 0x00000000, errata compare 0x00000000, res 0x0000]
 [equiv entry@0x0000b746: cpuid 0x00a10f81, equiv id 0xa181, errata mask 0x00000000, errata compare 0x00000000, res 0x0000]
 [equiv entry@0x0000b756: cpuid 0x00a50f00, equiv id 0xa500, errata mask 0x00000000, errata compare 0x00000000, res 0x0000]
 [equiv entry@0x0000b766: cpuid 0x00a20f12, equiv id 0xa212, errata mask 0x00000000, errata compare 0x00000000, res 0x0000]
 [equiv entry@0x0000b776: cpuid 0x00000000, equiv id 0x0000, errata mask 0x00000000, errata compare 0x00000000, res 0x0000]
  Family=0x19 Model=0x01 Stepping=0x00: Patch=0x0a00107a Length=5568 bytes Start=46990 bytes Date=2024-02-26 Equiv_id=0xa010
   [data_code=0x02262024, mc_patch_data_id=0x8005, mc_patch_data_len=0x00, init_flag=0x00, mc_patch_data_checksum=0x00000000]
   [nb_dev_id=0x00000000, sb_dev_id=0x00000000, nb_rev_id=0x00, sb_rev_id=0x00, bios_api_rev=0x00, reserved=[0x00, 0x00, 0x00]]
   [match_reg=[0xc30a4ea1, 0x040faa8f, 0x29ea7784, 0x0b57850a, 0xaa4f6523, 0x21cb310b, 0x225a3416, 0x3ce129aa]]
  Family=0x19 Model=0x7c Stepping=0x00: Patch=0x0a70c005 Length=5568 bytes Start=52566 bytes Date=2024-02-28 Equiv_id=0xa7c0
   [data_code=0x02282024, mc_patch_data_id=0x8005, mc_patch_data_len=0x5c, init_flag=0x01, mc_patch_data_checksum=0x00000000]
   [nb_dev_id=0x00000000, sb_dev_id=0x00000000, nb_rev_id=0x00, sb_rev_id=0x00, bios_api_rev=0x00, reserved=[0x00, 0x00, 0x00]]
   [match_reg=[0xf3843c6b, 0x8c5a995c, 0xfaa2e20c, 0xe2785912, 0x73383b81, 0x71425626, 0xe6d9c4e6, 0xa5cabc40]]
  Family=0x19 Model=0x75 Stepping=0x02: Patch=0x0a705206 Length=5568 bytes Start=58142 bytes Date=2024-02-28 Equiv_id=0xa752
   [data_code=0x02282024, mc_patch_data_id=0x8005, mc_patch_data_len=0x5c, init_flag=0x01, mc_patch_data_checksum=0x00000000]
   [nb_dev_id=0x00000000, sb_dev_id=0x00000000, nb_rev_id=0x00, sb_rev_id=0x00, bios_api_rev=0x00, reserved=[0x00, 0x00, 0x00]]
   [match_reg=[0x4522d3c2, 0x3f9f0f4b, 0xfb3e341e, 0x84769eda, 0x7ecefaf3, 0x8054f31d, 0xe419af01, 0x5da521bc]]
  Family=0x19 Model=0x08 Stepping=0x02: Patch=0x0a00820c Length=5568 bytes Start=63718 bytes Date=2024-02-29 Equiv_id=0xa082
   [data_code=0x02292024, mc_patch_data_id=0x8005, mc_patch_data_len=0x00, init_flag=0x00, mc_patch_data_checksum=0x00000000]
   [nb_dev_id=0x00000000, sb_dev_id=0x00000000, nb_rev_id=0x00, sb_rev_id=0x00, bios_api_rev=0x00, reserved=[0x00, 0x00, 0x00]]
   [match_reg=[0xb8e2f34f, 0xd8645b19, 0x2c1fbf1d, 0xe540e97c, 0xc0cece20, 0xe56c51e4, 0x2481efd1, 0x227eb427]]
  Family=0x19 Model=0x11 Stepping=0x02: Patch=0x0a101248 Length=5568 bytes Start=69294 bytes Date=2024-02-26 Equiv_id=0xa112
   [data_code=0x02262024, mc_patch_data_id=0x8005, mc_patch_data_len=0x5c, init_flag=0x01, mc_patch_data_checksum=0x00000000]
   [nb_dev_id=0x00000000, sb_dev_id=0x00000000, nb_rev_id=0x00, sb_rev_id=0x00, bios_api_rev=0x00, reserved=[0x00, 0x00, 0x00]]
   [match_reg=[0x39464a1f, 0xe94ecc2e, 0x4b216537, 0xeb2de91f, 0x6edc3839, 0x36a3f3f2, 0xcfa037fb, 0xe2782727]]
  Family=0x19 Model=0xa0 Stepping=0x02: Patch=0x0aa00215 Length=5568 bytes Start=74870 bytes Date=2024-02-28 Equiv_id=0xaa02
   [data_code=0x02282024, mc_patch_data_id=0x8005, mc_patch_data_len=0x5c, init_flag=0x01, mc_patch_data_checksum=0x00000000]
   [nb_dev_id=0x00000000, sb_dev_id=0x00000000, nb_rev_id=0x00, sb_rev_id=0x00, bios_api_rev=0x00, reserved=[0x00, 0x00, 0x00]]
   [match_reg=[0x1d02cd20, 0x4bb2e34a, 0xeb9f02cd, 0xa48407b2, 0x8fda2e72, 0x8b462225, 0x672aa3b6, 0x8efa8868]]
  Family=0x19 Model=0x44 Stepping=0x01: Patch=0x0a404107 Length=5568 bytes Start=80446 bytes Date=2024-02-29 Equiv_id=0xa441
   [data_code=0x02292024, mc_patch_data_id=0x8005, mc_patch_data_len=0x00, init_flag=0x00, mc_patch_data_checksum=0x00000000]
   [nb_dev_id=0x00000000, sb_dev_id=0x00000000, nb_rev_id=0x00, sb_rev_id=0x00, bios_api_rev=0x00, reserved=[0x00, 0x00, 0x00]]
   [match_reg=[0x180e0927, 0x1c3f2c82, 0x9d7337b4, 0x0766f254, 0x7b131e17, 0xf8df2351, 0x657aae78, 0xb8e5046b]]
  Family=0x19 Model=0x78 Stepping=0x00: Patch=0x0a708007 Length=5568 bytes Start=86022 bytes Date=2024-02-28 Equiv_id=0xa780
   [data_code=0x02282024, mc_patch_data_id=0x8005, mc_patch_data_len=0x5c, init_flag=0x01, mc_patch_data_checksum=0x00000000]
   [nb_dev_id=0x00000000, sb_dev_id=0x00000000, nb_rev_id=0x00, sb_rev_id=0x00, bios_api_rev=0x00, reserved=[0x00, 0x00, 0x00]]
   [match_reg=[0x0ad91e38, 0x03bbb607, 0x2dd535f1, 0x2e386342, 0xa981ffe7, 0xfc0a388a, 0x2cb29b8a, 0xf659d3eb]]
  Family=0x19 Model=0x21 Stepping=0x00: Patch=0x0a20102d Length=5568 bytes Start=91598 bytes Date=2024-08-27 Equiv_id=0xa210
   [data_code=0x08272024, mc_patch_data_id=0x8005, mc_patch_data_len=0x00, init_flag=0x00, mc_patch_data_checksum=0x00000000]
   [nb_dev_id=0x00000000, sb_dev_id=0x00000000, nb_rev_id=0x00, sb_rev_id=0x00, bios_api_rev=0x00, reserved=[0x00, 0x00, 0x00]]
   [match_reg=[0xb153e095, 0x997d52b7, 0xb55499e1, 0xb7b09774, 0x7e23d448, 0x451a4dba, 0xd6434629, 0xd3f0630b]]
  Family=0x19 Model=0x74 Stepping=0x01: Patch=0x0a704107 Length=5568 bytes Start=97174 bytes Date=2024-02-28 Equiv_id=0xa741
   [data_code=0x02282024, mc_patch_data_id=0x8005, mc_patch_data_len=0x5c, init_flag=0x01, mc_patch_data_checksum=0x00000000]
   [nb_dev_id=0x00000000, sb_dev_id=0x00000000, nb_rev_id=0x00, sb_rev_id=0x00, bios_api_rev=0x00, reserved=[0x00, 0x00, 0x00]]
   [match_reg=[0x6cdecec4, 0xda13fec2, 0x1bc0d67b, 0x1e293089, 0x8fac8c3b, 0x0699ac8e, 0xc0b3fbdd, 0xe3df9e38]]
  Family=0x19 Model=0x01 Stepping=0x02: Patch=0x0a001238 Length=5568 bytes Start=102750 bytes Date=2024-02-26 Equiv_id=0xa012
   [data_code=0x02262024, mc_patch_data_id=0x8005, mc_patch_data_len=0x00, init_flag=0x00, mc_patch_data_checksum=0x00000000]
   [nb_dev_id=0x00000000, sb_dev_id=0x00000000, nb_rev_id=0x00, sb_rev_id=0x00, bios_api_rev=0x00, reserved=[0x00, 0x00, 0x00]]
   [match_reg=[0xab754c71, 0x9f89f247, 0xfa39a19b, 0x38efa059, 0x12a8dfeb, 0xec4b0f2d, 0x23c763ef, 0x1c243faf]]
  Family=0x19 Model=0x11 Stepping=0x01: Patch=0x0a101148 Length=5568 bytes Start=108326 bytes Date=2024-02-23 Equiv_id=0xa111
   [data_code=0x02232024, mc_patch_data_id=0x8005, mc_patch_data_len=0x5c, init_flag=0x01, mc_patch_data_checksum=0x00000000]
   [nb_dev_id=0x00000000, sb_dev_id=0x00000000, nb_rev_id=0x00, sb_rev_id=0x00, bios_api_rev=0x00, reserved=[0x00, 0x00, 0x00]]
   [match_reg=[0x2d8b493b, 0xc42ef1f2, 0xdc983f19, 0xaf5d85cb, 0x40a3fc35, 0xb1a2e1f7, 0x6d71a0fb, 0xcb8865ec]]
  Family=0x19 Model=0x61 Stepping=0x02: Patch=0x0a601209 Length=5568 bytes Start=113902 bytes Date=2024-02-27 Equiv_id=0xa612
   [data_code=0x02272024, mc_patch_data_id=0x8005, mc_patch_data_len=0x5c, init_flag=0x01, mc_patch_data_checksum=0x00000000]
   [nb_dev_id=0x00000000, sb_dev_id=0x00000000, nb_rev_id=0x00, sb_rev_id=0x00, bios_api_rev=0x00, reserved=[0x00, 0x00, 0x00]]
   [match_reg=[0x9a6b2a10, 0x94e2f069, 0x9419c1bb, 0x63dd5d27, 0x8d5cfe30, 0x055420f2, 0x35e6b783, 0x01c74cd9]]
  Family=0x19 Model=0x01 Stepping=0x01: Patch=0x0a0011d5 Length=5568 bytes Start=119478 bytes Date=2024-02-23 Equiv_id=0xa011
   [data_code=0x02232024, mc_patch_data_id=0x8005, mc_patch_data_len=0x00, init_flag=0x00, mc_patch_data_checksum=0x00000000]
   [nb_dev_id=0x00000000, sb_dev_id=0x00000000, nb_rev_id=0x00, sb_rev_id=0x00, bios_api_rev=0x00, reserved=[0x00, 0x00, 0x00]]
   [match_reg=[0x5c76592c, 0xf9578d60, 0x48a6183a, 0x2773a2bf, 0x423cd81c, 0xe4e44a30, 0x622039a7, 0xa8412da8]]
  Family=0x19 Model=0xa0 Stepping=0x01: Patch=0x0aa00116 Length=5568 bytes Start=125054 bytes Date=2023-06-19 Equiv_id=0xaa01
   [data_code=0x06192023, mc_patch_data_id=0x8005, mc_patch_data_len=0x5c, init_flag=0x01, mc_patch_data_checksum=0x00000000]
   [nb_dev_id=0x00000000, sb_dev_id=0x00000000, nb_rev_id=0x00, sb_rev_id=0x00, bios_api_rev=0x00, reserved=[0x00, 0x00, 0x00]]
   [match_reg=[0x203a383a, 0x024641a6, 0x92025a77, 0x80aaf4c4, 0xbb1cb5ac, 0x3e9e4cba, 0xdbda14fd, 0xbae434e4]]
  Family=0x19 Model=0x18 Stepping=0x01: Patch=0x0a108108 Length=5568 bytes Start=130630 bytes Date=2024-02-27 Equiv_id=0xa181
   [data_code=0x02272024, mc_patch_data_id=0x8005, mc_patch_data_len=0x5c, init_flag=0x01, mc_patch_data_checksum=0x00000000]
   [nb_dev_id=0x00000000, sb_dev_id=0x00000000, nb_rev_id=0x00, sb_rev_id=0x00, bios_api_rev=0x00, reserved=[0x00, 0x00, 0x00]]
   [match_reg=[0xc45a4b25, 0x1d39bfd4, 0xcdf4a1a9, 0xafe043d2, 0x4899b8ae, 0x3870c172, 0xa1934351, 0x2c656d01]]
  Family=0x19 Model=0x50 Stepping=0x00: Patch=0x0a500011 Length=5568 bytes Start=136206 bytes Date=2024-02-29 Equiv_id=0xa500
   [data_code=0x02292024, mc_patch_data_id=0x8005, mc_patch_data_len=0x00, init_flag=0x00, mc_patch_data_checksum=0x00000000]
   [nb_dev_id=0x00000000, sb_dev_id=0x00000000, nb_rev_id=0x00, sb_rev_id=0x00, bios_api_rev=0x00, reserved=[0x00, 0x00, 0x00]]
   [match_reg=[0x83bc0c5b, 0xcb5512fe, 0xd6834e63, 0x9688b68c, 0xddc66456, 0x24342bb6, 0x88adc434, 0xe134901d]]
  Family=0x19 Model=0x21 Stepping=0x02: Patch=0x0a201210 Length=5568 bytes Start=141782 bytes Date=2024-02-29 Equiv_id=0xa212
   [data_code=0x02292024, mc_patch_data_id=0x8005, mc_patch_data_len=0x00, init_flag=0x00, mc_patch_data_checksum=0x00000000]
   [nb_dev_id=0x00000000, sb_dev_id=0x00000000, nb_rev_id=0x00, sb_rev_id=0x00, bios_api_rev=0x00, reserved=[0x00, 0x00, 0x00]]
   [match_reg=[0xb62a456a, 0x8e6f3664, 0xf991d709, 0xf7e573c0, 0xa265a2c5, 0xdbf27a2b, 0xab761051, 0x5c4467f8]]
