Microcode patches in container_cache/microcode_amd_fam19h_20241121.bin:
 [equiv entry@0x0000000c: cpuid 0x00a00f10, equiv id 0xa010, errata mask 0x00000000, errata compare 0x00000000, res 0x0000]
 [equiv entry@0x0000001c: cpuid 0x00a70fc0, equiv id 0xa7c0, errata mask 0x00000000, errata compare 0x00000000, res 0x0000]
 [equiv entry@0x0000002c: cpuid 0x00a70f52, equiv id 0xa752, errata mask 0x00000000, errata compare 0x00000000, res 0x0000]
 [equiv entry@0x0000003c: cpuid 0x00a00f82, equiv id 0xa082, errata mask 0x00000000, errata compare 0x00000000, res 0x0000]
 [equiv entry@0x0000004c: cpuid 0x00a10f12, equiv id 0xa112, errata mask 0x00000000, errata compare 0x00000000, res 0x0000]
 [equiv entry@0x0000005c: cpuid 0x00aa0f02, equiv id 0xaa02, errata mask 0x00000000, errata compare 0x00000000, res 0x0000]
 [equiv entry@0x0000006c: cpuid 0x00a40f41, equiv id 0xa441, errata mask 0x00000000, errata compare 0x00000000, res 0x0000]
 [equiv entry@0x0000007c: cpuid 0x00a70f80, equiv id 0xa780, errata mask 0x00000000, errata compare 0x00000000, res 0x0000]
 [equiv entry@0x0000008c: cpuid 0x00a20f10, equiv id 0xa210, errata mask 0x00000000, errata compare 0x00000000, res 0x0000]
 [equiv entry@0x0000009c: cpuid 0x00a70f41, equiv id 0xa741, errata mask 0x00000000, errata compare 0x00000000, res 0x0000]
 [equiv entry@0x000000ac: cpuid 0x00a00f12, equiv id 0xa012, errata mask 0x00000000, errata compare 0x00000000, res 0x0000]
 [equiv entry@0x000000bc: cpuid 0x00a10f11, equiv id 0xa111, errata mask 0x00000000, errata compare 0x00000000, res 0x0000]
 [equiv entry@0x000000cc: cpuid 0x00a60f12, equiv id 0xa612, errata mask 0x00000000, errata compare 0x00000000, res 0x0000]
 [equiv entry@0x000000dc: cpuid 0x00a00f11, equiv id 0xa011, errata mask 0x00000000, errata compare 0x00000000, res 0x0000]
 [equiv entry@0x000000ec: cpuid 0x00aa0f01, equiv id 0xaa01, errata mask 0x00000000, errata compare 0x00000000, res 0x0000]
 [equiv entry@0x000000fc: cpuid 0x00a10f81, equiv id 0xa181, errata mask 0x00000000, errata compare 0x00000000, res 0x0000]
 [equiv entry@0x0000010c: cpuid 0x00a50f00, equiv id 0xa500, errata mask 0x00000000, errata compare 0x00000000, res 0x0000]
 [equiv entry@0x0000011c: cpuid 0x00a20f12, equiv id 0xa212, errata mask 0x00000000, errata compare 0x00000000, res 0x0000]
 [equiv entry@0x0000012c: cpuid 0x00000000, equiv id 0x0000, errata mask 0x00000000, errata compare 0x00000000, res 0x0000]
  Family=0x19 Model=0x01 Stepping=0x00: Patch=0x0a00107a Length=5568 bytes Start=324 bytes Date=2024-02-26 Equiv_id=0xa010
   [data_code=0x02262024, mc_patch_data_id=0x8005, mc_patch_data_len=0x00, init_flag=0x00, mc_patch_data_checksum=0x00000000]
   [nb_dev_id=0x00000000, sb_dev_id=0x00000000, nb_rev_id=0x00, sb_rev_id=0x00, bios_api_rev=0x00, reserved=[0x00, 0x00, 0x00]]
   [match_reg=[0xc30a4ea1, 0x040faa8f, 0x29ea7784, 0x0b57850a, 0xaa4f6523, 0x21cb310b, 0x225a3416, 0x3ce129aa]]
  Family=0x19 Model=0x7c Stepping=0x00: Patch=0x0a70c005 Length=5568 bytes Start=5900 bytes Date=2024-02-28 Equiv_id=0xa7c0
   [data_code=0x02282024, mc_patch_data_id=0x8005, mc_patch_data_len=0x5c, init_flag=0x01, mc_patch_data_checksum=0x00000000]
   [nb_dev_id=0x00000000, sb_dev_id=0x00000000, nb_rev_id=0x00, sb_rev_id=0x00, bios_api_rev=0x00, reserved=[0x00, 0x00, 0x00]]
   [match_reg=[0xf3843c6b, 0x8c5a995c, 0xfaa2e20c, 0xe2785912, 0x73383b81, 0x71425626, 0xe6d9c4e6, 0xa5cabc40]]
  Family=0x19 Model=0x75 Stepping=0x02: Patch=0x0a705206 Length=5568 bytes Start=11476 bytes Date=2024-02-28 Equiv_id=0xa752
   [data_code=0x02282024, mc_patch_data_id=0x8005, mc_patch_data_len=0x5c, init_flag=0x01, mc_patch_data_checksum=0x00000000]
   [nb_dev_id=0x00000000, sb_dev_id=0x00000000, nb_rev_id=0x00, sb_rev_id=0x00, bios_api_rev=0x00, reserved=[0x00, 0x00, 0x00]]
   [match_reg=[0x4522d3c2, 0x3f9f0f4b, 0xfb3e341e, 0x84769eda, 0x7ecefaf3, 0x8054f31d, 0xe419af01, 0x5da521bc]]
  Family=0x19 Model=0x08 Stepping=0x02: Patch=0x0a00820c Length=5568 bytes Start=17052 bytes Date=2024-02-29 Equiv_id=0xa082
   [data_code=0x02292024, mc_patch_data_id=0x8005, mc_patch_data_len=0x00, init_flag=0x00, mc_patch_data_checksum=0x00000000]
   [nb_dev_id=0x00000000, sb_dev_id=0x00000000, nb_rev_id=0x00, sb_rev_id=0x00, bios_api_rev=0x00, reserved=[0x00, 0x00, 0x00]]
   [match_reg=[0xb8e2f34f, 0xd8645b19, 0x2c1fbf1d, 0xe540e97c, 0xc0cece20, 0xe56c51e4, 0x2481efd1, 0x227eb427]]
  Family=0x19 Model=0x11 Stepping=0x02: Patch=0x0a101248 Length=5568 bytes Start=22628 bytes Date=2024-02-26 Equiv_id=0xa112
   [data_code=0x02262024, mc_patch_data_id=0x8005, mc_patch_data_len=0x5c, init_flag=0x01, mc_patch_data_checksum=0x00000000]
   [nb_dev_id=0x00000000, sb_dev_id=0x00000000, nb_rev_id=0x00, sb_rev_id=0x00, bios_api_rev=0x00, reserved=[0x00, 0x00, 0x00]]
   [match_reg=[0x39464a1f, 0xe94ecc2e, 0x4b216537, 0xeb2de91f, 0x6edc3839, 0x36a3f3f2, 0xcfa037fb, 0xe2782727]]
  Family=0x19 Model=0xa0 Stepping=0x02: Patch=0x0aa00215 Length=5568 bytes Start=28204 bytes Date=2024-02-28 Equiv_id=0xaa02
   [data_code=0x02282024, mc_patch_data_id=0x8005, mc_patch_data_len=0x5c, init_flag=0x01, mc_patch_data_checksum=0x00000000]
   [nb_dev_id=0x00000000, sb_dev_id=0x00000000, nb_rev_id=0x00, sb_rev_id=0x00, bios_api_rev=0x00, reserved=[0x00, 0x00, 0x00]]
   [match_reg=[0x1d02cd20, 0x4bb2e34a, 0xeb9f02cd, 0xa48407b2, 0x8fda2e72, 0x8b462225, 0x672aa3b6, 0x8efa8868]]
  Family=0x19 Model=0x44 Stepping=0x01: Patch=0x0a404107 Length=5568 bytes Start=33780 bytes Date=2024-02-29 Equiv_id=0xa441
   [data_code=0x02292024, mc_patch_data_id=0x8005, mc_patch_data_len=0x00, init_flag=0x00, mc_patch_data_checksum=0x00000000]
   [nb_dev_id=0x00000000, sb_dev_id=0x00000000, nb_rev_id=0x00, sb_rev_id=0x00, bios_api_rev=0x00, reserved=[0x00, 0x00, 0x00]]
   [match_reg=[0x180e0927, 0x1c3f2c82, 0x9d7337b4, 0x0766f254, 0x7b131e17, 0xf8df2351, 0x657aae78, 0xb8e5046b]]
  Family=0x19 Model=0x78 Stepping=0x00: Patch=0x0a708007 Length=5568 bytes Start=39356 bytes Date=2024-02-28 Equiv_id=0xa780
   [data_code=0x02282024, mc_patch_data_id=0x8005, mc_patch_data_len=0x5c, init_flag=0x01, mc_patch_data_checksum=0x00000000]
   [nb_dev_id=0x00000000, sb_dev_id=0x00000000, nb_rev_id=0x00, sb_rev_id=0x00, bios_api_rev=0x00, reserved=[0x00, 0x00, 0x00]]
   [match_reg=[0x0ad91e38, 0x03bbb607, 0x2dd535f1, 0x2e386342, 0xa981ffe7, 0xfc0a388a, 0x2cb29b8a, 0xf659d3eb]]
  Family=0x19 Model=0x21 Stepping=0x00: Patch=0x0a20102d Length=5568 bytes Start=44932 bytes Date=2024-08-27 Equiv_id=0xa210
   [data_code=0x08272024, mc_patch_data_id=0x8005, mc_patch_data_len=0x00, init_flag=0x00, mc_patch_data_checksum=0x00000000]
   [nb_dev_id=0x00000000, sb_dev_id=0x00000000, nb_rev_id=0x00, sb_rev_id=0x00, bios_api_rev=0x00, reserved=[0x00, 0x00, 0x00]]
   [match_reg=[0xb153e095, 0x997d52b7, 0xb55499e1, 0xb7b09774, 0x7e23d448, 0x451a4dba, 0xd6434629, 0xd3f0630b]]
  Family=0x19 Model=0x74 Stepping=0x01: Patch=0x0a704107 Length=5568 bytes Start=50508 bytes Date=2024-02-28 Equiv_id=0xa741
   [data_code=0x02282024, mc_patch_data_id=0x8005, mc_patch_data_len=0x5c, init_flag=0x01, mc_patch_data_checksum=0x00000000]
   [nb_dev_id=0x00000000, sb_dev_id=0x00000000, nb_rev_id=0x00, sb_rev_id=0x00, bios_api_rev=0x00, reserved=[0x00, 0x00, 0x00]]
   [match_reg=[0x6cdecec4, 0xda13fec2, 0x1bc0d67b, 0x1e293089, 0x8fac8c3b, 0x0699ac8e, 0xc0b3fbdd, 0xe3df9e38]]
  Family=0x19 Model=0x01 Stepping=0x02: Patch=0x0a001238 Length=5568 bytes Start=56084 bytes Date=2024-02-26 Equiv_id=0xa012
   [data_code=0x02262024, mc_patch_data_id=0x8005, mc_patch_data_len=0x00, init_flag=0x00, mc_patch_data_checksum=0x00000000]
   [nb_dev_id=0x00000000, sb_dev_id=0x00000000, nb_rev_id=0x00, sb_rev_id=0x00, bios_api_rev=0x00, reserved=[0x00, 0x00, 0x00]]
   [match_reg=[0xab754c71, 0x9f89f247, 0xfa39a19b, 0x38efa059, 0x12a8dfeb, 0xec4b0f2d, 0x23c763ef, 0x1c243faf]]
  Family=0x19 Model=0x11 Stepping=0x01: Patch=0x0a101148 Length=5568 bytes Start=61660 bytes Date=2024-02-23 Equiv_id=0xa111
   [data_code=0x02232024, mc_patch_data_id=0x8005, mc_patch_data_len=0x5c, init_flag=0x01, mc_patch_data_checksum=0x00000000]
   [nb_dev_id=0x00000000, sb_dev_id=0x00000000, nb_rev_id=0x00, sb_rev_id=0x00, bios_api_rev=0x00, reserved=[0x00, 0x00, 0x00]]
   [match_reg=[0x2d8b493b, 0xc42ef1f2, 0xdc983f19, 0xaf5d85cb, 0x40a3fc35, 0xb1a2e1f7, 0x6d71a0fb, 0xcb8865ec]]
  Family=0x19 Model=0x61 Stepping=0x02: Patch=0x0a601209 Length=5568 bytes Start=67236 bytes Date=2024-02-27 Equiv_id=0xa612
   [data_code=0x02272024, mc_patch_data_id=0x8005, mc_patch_data_len=0x5c, init_flag=0x01, mc_patch_data_checksum=0x00000000]
   [nb_dev_id=0x00000000, sb_dev_id=0x00000000, nb_rev_id=0x00, sb_rev_id=0x00, bios_api_rev=0x00, reserved=[0x00, 0x00, 0x00]]
   [match_reg=[0x9a6b2a10, 0x94e2f069, 0x9419c1bb, 0x63dd5d27, 0x8d5cfe30, 0x055420f2, 0x35e6b783, 0x01c74cd9]]
  Family=0x19 Model=0x01 Stepping=0x01: Patch=0x0a0011d5 Length=5568 bytes Start=72812 bytes Date=2024-02-23 Equiv_id=0xa011
   [data_code=0x02232024, mc_patch_data_id=0x8005, mc_patch_data_len=0x00, init_flag=0x00, mc_patch_data_checksum=0x00000000]
   [nb_dev_id=0x00000000, sb_dev_id=0x00000000, nb_rev_id=0x00, sb_rev_id=0x00, bios_api_rev=0x00, reserved=[0x00, 0x00, 0x00]]
   [match_reg=[0x5c76592c, 0xf9578d60, 0x48a6183a, 0x2773a2bf, 0x423cd81c, 0xe4e44a30, 0x622039a7, 0xa8412da8]]
  Family=0x19 Model=0xa0 Stepping=0x01: Patch=0x0aa00116 Length=5568 bytes Start=78388 bytes Date=2023-06-19 Equiv_id=0xaa01
   [data_code=0x06192023, mc_patch_data_id=0x8005, mc_patch_data_len=0x5c, init_flag=0x01, mc_patch_data_checksum=0x00000000]
   [nb_dev_id=0x00000000, sb_dev_id=0x00000000, nb_rev_id=0x00, sb_rev_id=0x00, bios_api_rev=0x00, reserved=[0x00, 0x00, 0x00]]
   [match_reg=[0x203a383a, 0x024641a6, 0x92025a77, 0x80aaf4c4, 0xbb1cb5ac, 0x3e9e4cba, 0xdbda14fd, 0xbae434e4]]
  Family=0x19 Model=0x18 Stepping=0x01: Patch=0x0a108108 Length=5568 bytes Start=83964 bytes Date=2024-02-27 Equiv_id=0xa181
   [data_code=0x02272024, mc_patch_data_id=0x8005, mc_patch_data_len=0x5c, init_flag=0x01, mc_patch_data_checksum=0x00000000]
   [nb_dev_id=0x00000000, sb_dev_id=0x00000000, nb_rev_id=0x00, sb_rev_id=0x00, bios_api_rev=0x00, reserved=[0x00, 0x00, 0x00]]
   [match_reg=[0xc45a4b25, 0x1d39bfd4, 0xcdf4a1a9, 0xafe043d2, 0x4899b8ae, 0x3870c172, 0xa1934351, 0x2c656d01]]
  Family=0x19 Model=0x50 Stepping=0x00: Patch=0x0a500011 Length=5568 bytes Start=89540 bytes Date=2024-02-29 Equiv_id=0xa500
   [data_code=0x02292024, mc_patch_data_id=0x8005, mc_patch_data_len=0x00, init_flag=0x00, mc_patch_data_checksum=0x00000000]
   [nb_dev_id=0x00000000, sb_dev_id=0x00000000, nb_rev_id=0x00, sb_rev_id=0x00, bios_api_rev=0x00, reserved=[0x00, 0x00, 0x00]]
   [match_reg=[0x83bc0c5b, 0xcb5512fe, 0xd6834e63, 0x9688b68c, 0xddc66456, 0x24342bb6, 0x88adc434, 0xe134901d]]
  Family=0x19 Model=0x21 Stepping=0x02: Patch=0x0a201210 Length=5568 bytes Start=95116 bytes Date=2024-02-29 Equiv_id=0xa212
   [data_code=0x02292024, mc_patch_data_id=0x8005, mc_patch_data_len=0x00, init_flag=0x00, mc_patch_data_checksum=0x00000000]
   [nb_dev_id=0x00000000, sb_dev_id=0x00000000, nb_rev_id=0x00, sb_rev_id=0x00, bios_api_rev=0x00, reserved=[0x00, 0x00, 0x00]]
   [match_reg=[0xb62a456a, 0x8e6f3664, 0xf991d709, 0xf7e573c0, 0xa265a2c5, 0xdbf27a2b, 0xab761051, 0x5c4467f8]]
