Microcode patches in container:
Microcode patches in container+0x1c:
