Microcode patches in container:
  Family=0x16 Model=0x8a Stepping=0x0b: Patch=0x0ab0cdef Length=64 bytes Start=52 bytes Date=2063-04-05 Equiv_id=0xdead
