Microcode patches in container:
  Family=???? Model=???? Stepping=????: Patch=0x1a2b3c4d Length=64 bytes Start=36 bytes Date=3c4d-1a-2b Equiv_id=0x3c4d
