Microcode patches in container:
  Family=???? Model=???? Stepping=????: Patch=0xbadc0ded Length=64 bytes Start=52 bytes Date=2002-07-19 Equiv_id=0xdead
