Microcode patches in container:
  Family=???? Model=???? Stepping=????: Patch=0x89abcdef Length=68 bytes
