Microcode patches in container:
  Family=0x00 Model=0x00 Stepping=0x00: Patch=0xbadc0ded Length=64 bytes
