Microcode patches in container:
  CPUID=0xdeadbeef: Patch=0x89abcdef Length=68 bytes Start=52 bytes Date=5678-12-34 Equiv_id=0x0000
